 Image agenttree-studio-backend Building
 Image agenttree-studio-frontend Building
#1 [internal] load local bake definitions
#1 reading from stdin 1.07kB done
#1 DONE 0.0s

#2 [backend internal] load build definition from Dockerfile
#2 transferring dockerfile: 1.53kB 0.0s done
#2 DONE 0.1s

#3 [frontend internal] load build definition from Dockerfile
#3 transferring dockerfile: 344B 0.0s done
#3 DONE 0.1s

#4 [backend context agenttree_core] load .dockerignore
#4 transferring agenttree_core: 2B 0.0s done
#4 DONE 0.1s

#5 [backend internal] load metadata for docker.io/library/node:24-bookworm-slim
#5 ...

#6 [backend internal] load metadata for docker.io/library/python:3.12-slim-bookworm
#6 DONE 1.9s

#5 [frontend internal] load metadata for docker.io/library/node:24-bookworm-slim
#5 DONE 1.9s

#7 [frontend internal] load .dockerignore
#7 transferring context: 320B 0.0s done
#7 DONE 0.1s

#8 [backend context agenttree_core] load from client
#8 DONE 0.0s

#9 [backend context agenttree_core] load from client
#9 DONE 0.0s

#10 [backend internal] load build context
#10 DONE 0.0s

#11 [backend stage-1  1/16] FROM docker.io/library/python:3.12-slim-bookworm@sha256:54c85f3c47607a77f32adec749d3c81d1348bf25833671f512b26a9b6d778cb3
#11 resolve docker.io/library/python:3.12-slim-bookworm@sha256:54c85f3c47607a77f32adec749d3c81d1348bf25833671f512b26a9b6d778cb3
#11 ...

#12 [frontend internal] load build context
#12 transferring context: 156.74kB 0.2s done
#12 DONE 0.3s

#13 [backend 1/7] FROM docker.io/library/node:24-bookworm-slim@sha256:0e0ff40c39bc087845bfb27465a0df4ea419520094bc35842ff83dd8cbe6f9b6
#13 resolve docker.io/library/node:24-bookworm-slim@sha256:0e0ff40c39bc087845bfb27465a0df4ea419520094bc35842ff83dd8cbe6f9b6
#13 ...

#11 [backend stage-1  1/16] FROM docker.io/library/python:3.12-slim-bookworm@sha256:54c85f3c47607a77f32adec749d3c81d1348bf25833671f512b26a9b6d778cb3
#11 resolve docker.io/library/python:3.12-slim-bookworm@sha256:54c85f3c47607a77f32adec749d3c81d1348bf25833671f512b26a9b6d778cb3 0.4s done
#11 DONE 0.5s

#11 [backend stage-1  1/16] FROM docker.io/library/python:3.12-slim-bookworm@sha256:54c85f3c47607a77f32adec749d3c81d1348bf25833671f512b26a9b6d778cb3
#11 DONE 0.5s

#13 [backend 1/7] FROM docker.io/library/node:24-bookworm-slim@sha256:0e0ff40c39bc087845bfb27465a0df4ea419520094bc35842ff83dd8cbe6f9b6
#13 resolve docker.io/library/node:24-bookworm-slim@sha256:0e0ff40c39bc087845bfb27465a0df4ea419520094bc35842ff83dd8cbe6f9b6 0.4s done
#13 DONE 0.6s

#14 [frontend 3/7] COPY frontend/package.json frontend/package-lock.json ./
#14 CACHED

#15 [frontend 4/7] RUN npm ci
#15 CACHED

#16 [frontend 2/7] WORKDIR /app
#16 CACHED

#17 [frontend 5/7] COPY frontend/index.html frontend/vite.config.ts frontend/tsconfig*.json ./
#17 CACHED

#18 [frontend 6/7] COPY frontend/src ./src
#18 ...

#9 [backend context agenttree_core] load from client
#9 transferring agenttree_core: 65B 0.0s done
#9 DONE 0.2s

#10 [backend internal] load build context
#10 transferring context: 6.46kB 0.1s done
#10 DONE 0.2s

#8 [backend context agenttree_core] load from client
#8 transferring agenttree_core: 13.09kB 0.1s done
#8 DONE 0.3s

#19 [backend stage-1  2/16] RUN apt-get update     && apt-get install --no-install-recommends -y git ca-certificates libstdc++6 libatomic1     && rm -rf /var/lib/apt/lists/*
#19 CACHED

#20 [backend stage-1  8/16] RUN pip install -r requirements-docker.txt
#20 CACHED

#21 [backend stage-1  7/16] COPY requirements-base.txt requirements-docker.txt ./
#21 CACHED

#22 [backend stage-1 10/16] COPY --from=agenttree_core /src /tmp/agenttree-core/src
#22 CACHED

#23 [backend stage-1 12/16] COPY alembic.ini ./
#23 CACHED

#24 [backend stage-1  4/16] COPY --from=node-runtime /usr/local/lib/node_modules/npm /usr/local/lib/node_modules/npm
#24 CACHED

#25 [backend stage-1  9/16] COPY --from=agenttree_core /pyproject.toml /README.md /tmp/agenttree-core/
#25 CACHED

#26 [backend stage-1 14/16] COPY backend ./backend
#26 CACHED

#27 [backend stage-1  5/16] RUN ln -s /usr/local/lib/node_modules/npm/bin/npm-cli.js /usr/local/bin/npm     && ln -s /usr/local/lib/node_modules/npm/bin/npx-cli.js /usr/local/bin/npx
#27 CACHED

#28 [backend stage-1 13/16] COPY alembic ./alembic
#28 CACHED

#29 [backend stage-1 15/16] COPY backend/docker-entrypoint.sh /usr/local/bin/studio-entrypoint
#29 CACHED

#30 [backend stage-1 11/16] RUN pip install --no-deps /tmp/agenttree-core && rm -rf /tmp/agenttree-core
#30 CACHED

#31 [backend stage-1  3/16] COPY --from=node-runtime /usr/local/bin/node /usr/local/bin/node
#31 CACHED

#32 [backend stage-1  6/16] WORKDIR /app
#32 CACHED

#33 [backend stage-1 16/16] RUN chmod 755 /usr/local/bin/studio-entrypoint     && mkdir -p /workspace /var/lib/agenttree-studio
#33 CACHED

#34 [backend] exporting to image
#34 exporting layers 0.1s done
#34 ...

#18 [frontend 6/7] COPY frontend/src ./src
#18 DONE 0.4s

#34 [backend] exporting to image
#34 exporting manifest sha256:d028d0c3a5b4f45be2c71e587b8b8ad61685ed843a7cba8172a3d4f7b45cd546 0.0s done
#34 exporting config sha256:24bbafc81d39a4e71b2cd57ee498d86fcedb5a79b9a9bbce5b9abf0c01d927bb done
#34 exporting attestation manifest sha256:81e0c4d10706a219ddc172113795a8a127b5a938b87d92f4a81e7d69cdaa7cfc
#34 exporting attestation manifest sha256:81e0c4d10706a219ddc172113795a8a127b5a938b87d92f4a81e7d69cdaa7cfc 0.3s done
#34 exporting manifest list sha256:5fb6cddb8158466582a6604226c9698b2bfc7d67752efa3ffe3eacc51ee31bf0
#34 exporting manifest list sha256:5fb6cddb8158466582a6604226c9698b2bfc7d67752efa3ffe3eacc51ee31bf0 0.1s done
#34 naming to docker.io/library/agenttree-studio-backend:latest
#34 ...

#35 [frontend 7/7] COPY frontend/public ./public
#35 DONE 0.6s

#34 [backend] exporting to image
#34 naming to docker.io/library/agenttree-studio-backend:latest 0.0s done
#34 unpacking to docker.io/library/agenttree-studio-backend:latest
#34 unpacking to docker.io/library/agenttree-studio-backend:latest 0.3s done
#34 DONE 2.1s

#36 [frontend] exporting to image
#36 exporting layers 1.8s done
#36 exporting manifest sha256:adb00eda3af207d4972768c4bac73673effe4242f4584a538ad119e5e0e7009f
#36 exporting manifest sha256:adb00eda3af207d4972768c4bac73673effe4242f4584a538ad119e5e0e7009f 0.3s done
#36 exporting config sha256:e841f6bcf16ccb559835e347259a8897c493be936febecc8943bcd94834f51f2
#36 exporting config sha256:e841f6bcf16ccb559835e347259a8897c493be936febecc8943bcd94834f51f2 0.2s done
#36 exporting attestation manifest sha256:7ddec6955dd8fdf549e8ceeda2fe73887a5c624c7f725caebf64a5eb91cc5a1c
#36 exporting attestation manifest sha256:7ddec6955dd8fdf549e8ceeda2fe73887a5c624c7f725caebf64a5eb91cc5a1c 0.2s done
#36 exporting manifest list sha256:08c23e41d1a5118e285ceedda1e23e7d9f9a20723a5ce4e57dd83436ce75fa2f
#36 exporting manifest list sha256:08c23e41d1a5118e285ceedda1e23e7d9f9a20723a5ce4e57dd83436ce75fa2f 0.2s done
#36 naming to docker.io/library/agenttree-studio-frontend:latest
#36 naming to docker.io/library/agenttree-studio-frontend:latest 0.0s done
#36 unpacking to docker.io/library/agenttree-studio-frontend:latest
#36 unpacking to docker.io/library/agenttree-studio-frontend:latest 0.8s done
#36 DONE 4.7s

#37 [backend] resolving provenance for metadata file
#37 DONE 0.2s

#38 [frontend] resolving provenance for metadata file
#38 DONE 0.1s
 Image agenttree-studio-backend Built
 Image agenttree-studio-frontend Built
 Container agenttree-studio-postgres-1 Running
 Container agenttree-studio-backend-1 Running
 Container agenttree-studio-frontend-1 Recreate
 Container agenttree-studio-frontend-1 Recreated
 Container agenttree-studio-postgres-1 Waiting
 Container agenttree-studio-postgres-1 Healthy
 Container agenttree-studio-backend-1 Waiting
 Container agenttree-studio-backend-1 Healthy
 Container agenttree-studio-frontend-1 Starting
 Container agenttree-studio-frontend-1 Started
