
> agenttree-studio-frontend@0.1.0 build
> tsc -b && vite build

vite v7.3.6 building client environment for production...
transforming...
✓ 2032 modules transformed.
rendering chunks...
computing gzip size...
dist/index.html                                       0.63 kB │ gzip:   0.37 kB
dist/assets/tree-playground-PcsDhc1M.css              2.84 kB │ gzip:   0.89 kB
dist/assets/canvas-utf7DbsQ.css                      28.40 kB │ gzip:   5.11 kB
dist/assets/index-Cw4W4T9E.css                       68.68 kB │ gzip:  12.31 kB
dist/assets/check-fMwPYGBb.js                         0.13 kB │ gzip:   0.14 kB
dist/assets/loader-circle-Bln12aCX.js                 0.15 kB │ gzip:   0.15 kB
dist/assets/plus-ucCRiGjU.js                          0.15 kB │ gzip:   0.15 kB
dist/assets/arrow-right-YRSyJcLL.js                   0.17 kB │ gzip:   0.16 kB
dist/assets/arrow-up-right-C_4KimuW.js                0.17 kB │ gzip:   0.16 kB
dist/assets/skeleton-BmX8ZmGC.js                      0.17 kB │ gzip:   0.16 kB
dist/assets/search-B2Y-77Cv.js                        0.18 kB │ gzip:   0.17 kB
dist/assets/play-Cy51Pn1z.js                          0.19 kB │ gzip:   0.18 kB
dist/assets/activity-DijPCFMp.js                      0.24 kB │ gzip:   0.20 kB
dist/assets/database-B31Eauq7.js                      0.24 kB │ gzip:   0.20 kB
dist/assets/eye-DVgOw2_9.js                           0.26 kB │ gzip:   0.20 kB
dist/assets/plug-DgvwcHwC.js                          0.26 kB │ gzip:   0.19 kB
dist/assets/pencil-DJpnpDXK.js                        0.28 kB │ gzip:   0.23 kB
dist/assets/provider-models-Y9WHzuk1.js               0.30 kB │ gzip:   0.19 kB
dist/assets/refresh-cw-BVOngIwB.js                    0.32 kB │ gzip:   0.23 kB
dist/assets/save-DJ6RfNrZ.js                          0.33 kB │ gzip:   0.23 kB
dist/assets/bot-Dt5Z-Lmy.js                           0.33 kB │ gzip:   0.23 kB
dist/assets/trash-2-CSfEYzvb.js                       0.33 kB │ gzip:   0.21 kB
dist/assets/clock-3-Bh-oMLfX.js                       0.33 kB │ gzip:   0.22 kB
dist/assets/circle-check-SlT0Gikd.js                  0.38 kB │ gzip:   0.23 kB
dist/assets/panels-top-left-BVYycT_9.js               0.46 kB │ gzip:   0.28 kB
dist/assets/page-header-CSO1zbO4.js                   0.56 kB │ gzip:   0.34 kB
dist/assets/textarea-B9me1C2q.js                      0.57 kB │ gzip:   0.35 kB
dist/assets/input-lkbmDQw6.js                         0.58 kB │ gzip:   0.35 kB
dist/assets/getting-started-DtEfOg5Q.js               0.60 kB │ gzip:   0.39 kB
dist/assets/empty-state-BjxxDyb4.js                   0.61 kB │ gzip:   0.34 kB
dist/assets/onboarding-CpxIjoxD.js                    0.64 kB │ gzip:   0.36 kB
dist/assets/card-C9bqI1RS.js                          0.69 kB │ gzip:   0.31 kB
dist/assets/badge-BzESs1UH.js                         0.70 kB │ gzip:   0.38 kB
dist/assets/notice-cXFF1dJH.js                        0.81 kB │ gzip:   0.46 kB
dist/assets/tool-status-badge-CTxUDf09.js             0.82 kB │ gzip:   0.49 kB
dist/assets/table-Co0_WG24.js                         0.83 kB │ gzip:   0.36 kB
dist/assets/delete-tree-dialog-BJh66yWO.js            0.91 kB │ gzip:   0.51 kB
dist/assets/create-tree-kpTcJBVX.js                   2.22 kB │ gzip:   0.81 kB
dist/assets/create-tree-menu-BGQmM37Q.js              2.25 kB │ gzip:   1.18 kB
dist/assets/run-status-badge-BbdliYet.js              2.36 kB │ gzip:   1.10 kB
dist/assets/learning-BV3QPnZd.js                      3.04 kB │ gzip:   1.26 kB
dist/assets/run-list-IIfJVfK9.js                      3.14 kB │ gzip:   1.40 kB
dist/assets/resource-dependency-dialog-8U-iPtnE.js    3.91 kB │ gzip:   1.39 kB
dist/assets/auth-pages-BTim1vi2.js                    4.48 kB │ gzip:   1.47 kB
dist/assets/tree-list-D-dvRIZt.js                     4.95 kB │ gzip:   1.93 kB
dist/assets/secrets-DlSrd8Q6.js                       5.03 kB │ gzip:   1.92 kB
dist/assets/test-run-dialog-4t1n7RWn.js               5.09 kB │ gzip:   2.13 kB
dist/assets/types-DWsAHSF3.js                         5.17 kB │ gzip:   1.52 kB
dist/assets/settings-BfxMnusb.js                      5.21 kB │ gzip:   1.94 kB
dist/assets/security-events-Di_YzOKQ.js               6.10 kB │ gzip:   1.98 kB
dist/assets/agent-form-C0stWCmd.js                    6.33 kB │ gzip:   2.03 kB
dist/assets/capability-selector-DIwiIXQN.js           6.55 kB │ gzip:   2.15 kB
dist/assets/getting-started-CFbbyUja.js               8.09 kB │ gzip:   2.53 kB
dist/assets/tree-live-DwFxwBnb.js                     8.13 kB │ gzip:   2.85 kB
dist/assets/users-BqUFyb1X.js                         8.24 kB │ gzip:   2.59 kB
dist/assets/run-live-DkNgIgqx.js                      9.05 kB │ gzip:   3.73 kB
dist/assets/templates-DuWrdHNe.js                     9.43 kB │ gzip:   2.68 kB
dist/assets/account-page-CQRviAR3.js                  9.62 kB │ gzip:   3.11 kB
dist/assets/dashboard-GwAlMUmN.js                    14.57 kB │ gzip:   3.79 kB
dist/assets/tree-playground-UhMFVL0_.js              15.81 kB │ gzip:   5.36 kB
dist/assets/providers-D50yRSoH.js                    15.84 kB │ gzip:   5.21 kB
dist/assets/run-detail-DKP4DECj.js                   23.40 kB │ gzip:   6.89 kB
dist/assets/tree-wizard-DRSX81wm.js                  25.65 kB │ gzip:   7.31 kB
dist/assets/template-setup-DLGQnIqM.js               29.24 kB │ gzip:   7.38 kB
dist/assets/tree-builder-CbmesfkV.js                 31.33 kB │ gzip:   8.98 kB
dist/assets/tree-detail-BWG3GLrc.js                  32.63 kB │ gzip:   9.45 kB
dist/assets/tools-CEz3uRBe.js                        41.88 kB │ gzip:  11.19 kB
dist/assets/canvas-DnvxM-Xa.js                      196.96 kB │ gzip:  64.45 kB
dist/assets/index-DTfu6u5x.js                       686.57 kB │ gzip: 206.39 kB

(!) Some chunks are larger than 500 kB after minification. Consider:
- Using dynamic import() to code-split the application
- Use build.rollupOptions.output.manualChunks to improve chunking: https://rollupjs.org/configuration-options/#output-manualchunks
- Adjust chunk size limit for this warning via build.chunkSizeWarningLimit.
✓ built in 4.25s
