
> agenttree-studio-frontend@0.1.0 build
> tsc -b && vite build

vite v7.3.6 building client environment for production...
transforming...
✓ 2031 modules transformed.
rendering chunks...
computing gzip size...
dist/index.html                                       0.63 kB │ gzip:   0.37 kB
dist/assets/tree-playground-PcsDhc1M.css              2.84 kB │ gzip:   0.89 kB
dist/assets/canvas-DRwVALN2.css                      28.62 kB │ gzip:   5.17 kB
dist/assets/index-BEcjeUa4.css                       67.77 kB │ gzip:  12.12 kB
dist/assets/check-DWXoDsXe.js                         0.13 kB │ gzip:   0.14 kB
dist/assets/loader-circle-BWLrnjeC.js                 0.15 kB │ gzip:   0.16 kB
dist/assets/plus-BW-5MWs3.js                          0.15 kB │ gzip:   0.15 kB
dist/assets/arrow-up-right-BoUurNE1.js                0.16 kB │ gzip:   0.16 kB
dist/assets/arrow-right-CRKQhR3Y.js                   0.17 kB │ gzip:   0.16 kB
dist/assets/skeleton-CgajzX3h.js                      0.17 kB │ gzip:   0.16 kB
dist/assets/search-jyjIpxDd.js                        0.18 kB │ gzip:   0.17 kB
dist/assets/play-QJg-NqSv.js                          0.19 kB │ gzip:   0.18 kB
dist/assets/database-yHhm4Ixk.js                      0.24 kB │ gzip:   0.20 kB
dist/assets/eye-Ky2enNCH.js                           0.26 kB │ gzip:   0.20 kB
dist/assets/plug-ydqkA8--.js                          0.26 kB │ gzip:   0.19 kB
dist/assets/pencil-DE_7LiB3.js                        0.28 kB │ gzip:   0.23 kB
dist/assets/provider-models-Y9WHzuk1.js               0.30 kB │ gzip:   0.19 kB
dist/assets/refresh-cw-DPvwWzub.js                    0.32 kB │ gzip:   0.23 kB
dist/assets/bot-CitKroWM.js                           0.32 kB │ gzip:   0.23 kB
dist/assets/clock-3-CEVteO9M.js                       0.32 kB │ gzip:   0.21 kB
dist/assets/save-D70SugVp.js                          0.33 kB │ gzip:   0.23 kB
dist/assets/trash-2-BW4Zqy75.js                       0.33 kB │ gzip:   0.22 kB
dist/assets/circle-check-B9XQ4KgR.js                  0.38 kB │ gzip:   0.24 kB
dist/assets/getting-started-CPc3P5o-.js               0.50 kB │ gzip:   0.33 kB
dist/assets/textarea-BuEIy93o.js                      0.57 kB │ gzip:   0.35 kB
dist/assets/page-header-BPZmXD2F.js                   0.57 kB │ gzip:   0.35 kB
dist/assets/input-BwsY9fho.js                         0.58 kB │ gzip:   0.36 kB
dist/assets/empty-state-KMUa1bTX.js                   0.61 kB │ gzip:   0.34 kB
dist/assets/onboarding-CpxIjoxD.js                    0.64 kB │ gzip:   0.36 kB
dist/assets/card-sHcKVzrR.js                          0.69 kB │ gzip:   0.31 kB
dist/assets/badge-BexSax_E.js                         0.70 kB │ gzip:   0.38 kB
dist/assets/notice--Vrj6uL0.js                        0.81 kB │ gzip:   0.46 kB
dist/assets/tool-status-badge-DXAbGrrD.js             0.82 kB │ gzip:   0.49 kB
dist/assets/table-BsmwLdtu.js                         0.82 kB │ gzip:   0.36 kB
dist/assets/delete-tree-dialog-Yvle2TRh.js            0.91 kB │ gzip:   0.51 kB
dist/assets/trace-list-BbQThp6O.js                    1.93 kB │ gzip:   0.96 kB
dist/assets/run-status-badge-spOcln5c.js              2.36 kB │ gzip:   1.10 kB
dist/assets/create-tree-pvgkwM-S.js                   2.57 kB │ gzip:   0.97 kB
dist/assets/learning-kbYLBwUv.js                      3.00 kB │ gzip:   1.24 kB
dist/assets/run-list-CNcISxWe.js                      3.01 kB │ gzip:   1.36 kB
dist/assets/resource-dependency-dialog-boXDDN12.js    3.91 kB │ gzip:   1.39 kB
dist/assets/auth-pages-B90nqR5z.js                    4.48 kB │ gzip:   1.47 kB
dist/assets/secrets-Cugqpx_J.js                       4.48 kB │ gzip:   1.77 kB
dist/assets/tree-list-jl0qykI1.js                     4.93 kB │ gzip:   1.88 kB
dist/assets/settings-jzOgRdbJ.js                      5.05 kB │ gzip:   1.87 kB
dist/assets/test-run-dialog-CvURuiDj.js               5.08 kB │ gzip:   2.13 kB
dist/assets/types-DWsAHSF3.js                         5.17 kB │ gzip:   1.52 kB
dist/assets/run-live-CZ0_L2la.js                      5.18 kB │ gzip:   2.40 kB
dist/assets/security-events-Bcly6pQG.js               6.10 kB │ gzip:   1.98 kB
dist/assets/agent-form-D3R6W8ID.js                    6.33 kB │ gzip:   2.03 kB
dist/assets/capability-selector-BWine7qi.js           6.55 kB │ gzip:   2.15 kB
dist/assets/users-D8RMWUG-.js                         8.02 kB │ gzip:   2.50 kB
dist/assets/tree-live-CPoVw2q3.js                     8.08 kB │ gzip:   2.84 kB
dist/assets/getting-started-m2PcBbBf.js               8.09 kB │ gzip:   2.51 kB
dist/assets/account-page-DnC37s-9.js                  9.62 kB │ gzip:   3.11 kB
dist/assets/templates-C2CtXl4q.js                    10.17 kB │ gzip:   2.79 kB
dist/assets/dashboard-aAhHCQPn.js                    14.53 kB │ gzip:   3.74 kB
dist/assets/providers-Dsx5MDoM.js                    15.84 kB │ gzip:   5.22 kB
dist/assets/tree-playground-BtygCnmw.js              19.55 kB │ gzip:   6.62 kB
dist/assets/run-detail-DoKvYoQ8.js                   23.04 kB │ gzip:   6.78 kB
dist/assets/tree-wizard-Cj1yTz9o.js                  25.65 kB │ gzip:   7.31 kB
dist/assets/template-setup-1mh6QRnJ.js               29.24 kB │ gzip:   7.38 kB
dist/assets/tree-builder-BflGkuKg.js                 30.36 kB │ gzip:   8.69 kB
dist/assets/tree-detail-BSh2GumW.js                  32.59 kB │ gzip:   9.43 kB
dist/assets/tools-5tUIjJIx.js                        41.61 kB │ gzip:  11.10 kB
dist/assets/canvas-CljEgzev.js                      196.96 kB │ gzip:  64.45 kB
dist/assets/index-B2gSsFlj.js                       683.78 kB │ gzip: 205.67 kB

(!) Some chunks are larger than 500 kB after minification. Consider:
- Using dynamic import() to code-split the application
- Use build.rollupOptions.output.manualChunks to improve chunking: https://rollupjs.org/configuration-options/#output-manualchunks
- Adjust chunk size limit for this warning via build.chunkSizeWarningLimit.
✓ built in 2.90s
