frontend-1  |
frontend-1  | > agenttree-studio-frontend@0.1.0 dev
frontend-1  | > vite --host 0.0.0.0
frontend-1  |
frontend-1  |
frontend-1  |   VITE v7.3.6  ready in 204 ms
frontend-1  |
frontend-1  |   ➜  Local:   http://localhost:5173/
frontend-1  |   ➜  Network: http://172.18.0.4:5173/
backend-1   | INFO  [alembic.runtime.migration] Context impl PostgresqlImpl.
backend-1   | INFO  [alembic.runtime.migration] Will assume transactional DDL.
backend-1   | INFO:     Started server process [1]
backend-1   | INFO:     Waiting for application startup.
backend-1   | INFO:     startup.migration.begin
backend-1   | INFO  [alembic.runtime.migration] Context impl PostgresqlImpl.
backend-1   | INFO  [alembic.runtime.migration] Will assume transactional DDL.
backend-1   | INFO  [alembic.runtime.migration] Context impl PostgresqlImpl.
backend-1   | INFO  [alembic.runtime.migration] Will assume transactional DDL.
backend-1   | INFO  [alembic.runtime.migration] Context impl PostgresqlImpl.
backend-1   | INFO  [alembic.runtime.migration] Will assume transactional DDL.
backend-1   | INFO  [alembic.runtime.migration] Context impl PostgresqlImpl.
backend-1   | INFO  [alembic.runtime.migration] Will assume transactional DDL.
backend-1   | INFO  [alembic.runtime.migration] Context impl PostgresqlImpl.
backend-1   | INFO  [alembic.runtime.migration] Will assume transactional DDL.
backend-1   | INFO  [alembic.runtime.migration] Context impl PostgresqlImpl.
backend-1   | INFO  [alembic.runtime.migration] Will assume transactional DDL.
backend-1   | INFO  [alembic.runtime.migration] Context impl PostgresqlImpl.
backend-1   | INFO  [alembic.runtime.migration] Will assume transactional DDL.
backend-1   | INFO  [alembic.runtime.migration] Context impl PostgresqlImpl.
backend-1   | INFO  [alembic.runtime.migration] Will assume transactional DDL.
backend-1   | INFO  [alembic.runtime.migration] Context impl PostgresqlImpl.
backend-1   | INFO  [alembic.runtime.migration] Will assume transactional DDL.
backend-1   | INFO  [alembic.runtime.migration] Context impl PostgresqlImpl.
backend-1   | INFO  [alembic.runtime.migration] Will assume transactional DDL.
backend-1   | INFO  [alembic.runtime.migration] Context impl PostgresqlImpl.
backend-1   | INFO  [alembic.runtime.migration] Will assume transactional DDL.
backend-1   | INFO  [alembic.runtime.migration] Context impl PostgresqlImpl.
backend-1   | INFO  [alembic.runtime.migration] Will assume transactional DDL.
backend-1   | INFO  [alembic.runtime.migration] Context impl PostgresqlImpl.
backend-1   | INFO  [alembic.runtime.migration] Will assume transactional DDL.
backend-1   | INFO  [alembic.runtime.migration] Context impl PostgresqlImpl.
backend-1   | INFO  [alembic.runtime.migration] Will assume transactional DDL.
backend-1   | INFO  [alembic.runtime.migration] Context impl PostgresqlImpl.
backend-1   | INFO  [alembic.runtime.migration] Will assume transactional DDL.
backend-1   | INFO  [alembic.runtime.migration] Context impl PostgresqlImpl.
backend-1   | INFO  [alembic.runtime.migration] Will assume transactional DDL.
backend-1   | INFO  [alembic.runtime.migration] Context impl PostgresqlImpl.
backend-1   | INFO  [alembic.runtime.migration] Will assume transactional DDL.
backend-1   | INFO  [alembic.runtime.migration] Context impl PostgresqlImpl.
backend-1   | INFO  [alembic.runtime.migration] Will assume transactional DDL.
backend-1   | INFO  [alembic.runtime.migration] Context impl PostgresqlImpl.
backend-1   | INFO  [alembic.runtime.migration] Will assume transactional DDL.
backend-1   | INFO  [alembic.runtime.migration] Context impl PostgresqlImpl.
backend-1   | INFO  [alembic.runtime.migration] Will assume transactional DDL.
backend-1   | INFO  [alembic.runtime.migration] Context impl PostgresqlImpl.
backend-1   | INFO  [alembic.runtime.migration] Will assume transactional DDL.
backend-1   | INFO  [alembic.runtime.migration] Context impl PostgresqlImpl.
backend-1   | INFO  [alembic.runtime.migration] Will assume transactional DDL.
backend-1   | INFO  [alembic.runtime.migration] Context impl PostgresqlImpl.
backend-1   | INFO  [alembic.runtime.migration] Will assume transactional DDL.
backend-1   | INFO  [alembic.runtime.migration] Context impl PostgresqlImpl.
backend-1   | INFO  [alembic.runtime.migration] Will assume transactional DDL.
backend-1   | INFO  [alembic.runtime.migration] Context impl PostgresqlImpl.
backend-1   | INFO  [alembic.runtime.migration] Will assume transactional DDL.
backend-1   | INFO  [alembic.runtime.migration] Context impl PostgresqlImpl.
backend-1   | INFO  [alembic.runtime.migration] Will assume transactional DDL.
backend-1   | INFO  [alembic.runtime.migration] Context impl PostgresqlImpl.
backend-1   | INFO  [alembic.runtime.migration] Will assume transactional DDL.
backend-1   | INFO  [alembic.runtime.migration] Context impl PostgresqlImpl.
backend-1   | INFO  [alembic.runtime.migration] Will assume transactional DDL.
backend-1   | INFO  [alembic.runtime.migration] Context impl PostgresqlImpl.
backend-1   | INFO  [alembic.runtime.migration] Will assume transactional DDL.
backend-1   | INFO  [alembic.runtime.migration] Context impl PostgresqlImpl.
backend-1   | INFO  [alembic.runtime.migration] Will assume transactional DDL.
backend-1   | INFO  [alembic.runtime.migration] Context impl PostgresqlImpl.
backend-1   | INFO  [alembic.runtime.migration] Will assume transactional DDL.
backend-1   | INFO  [alembic.runtime.migration] Context impl PostgresqlImpl.
backend-1   | INFO  [alembic.runtime.migration] Will assume transactional DDL.
backend-1   | INFO  [alembic.runtime.migration] Context impl PostgresqlImpl.
backend-1   | INFO  [alembic.runtime.migration] Will assume transactional DDL.
backend-1   | INFO  [alembic.runtime.migration] Context impl PostgresqlImpl.
backend-1   | INFO  [alembic.runtime.migration] Will assume transactional DDL.
backend-1   | INFO  [alembic.runtime.migration] Context impl PostgresqlImpl.
backend-1   | INFO  [alembic.runtime.migration] Will assume transactional DDL.
backend-1   | INFO  [alembic.runtime.migration] Context impl PostgresqlImpl.
backend-1   | INFO  [alembic.runtime.migration] Will assume transactional DDL.
backend-1   | INFO  [alembic.runtime.migration] Context impl PostgresqlImpl.
backend-1   | INFO  [alembic.runtime.migration] Will assume transactional DDL.
backend-1   | INFO  [alembic.runtime.migration] Context impl PostgresqlImpl.
backend-1   | INFO  [alembic.runtime.migration] Will assume transactional DDL.
backend-1   | INFO  [alembic.runtime.migration] Context impl PostgresqlImpl.
backend-1   | INFO  [alembic.runtime.migration] Will assume transactional DDL.
backend-1   | INFO  [alembic.runtime.migration] Context impl PostgresqlImpl.
backend-1   | INFO  [alembic.runtime.migration] Will assume transactional DDL.
backend-1   | INFO  [alembic.runtime.migration] Context impl PostgresqlImpl.
backend-1   | INFO  [alembic.runtime.migration] Will assume transactional DDL.
backend-1   | INFO  [alembic.runtime.migration] Context impl PostgresqlImpl.
backend-1   | INFO  [alembic.runtime.migration] Will assume transactional DDL.
backend-1   | INFO  [alembic.runtime.migration] Context impl PostgresqlImpl.
backend-1   | INFO  [alembic.runtime.migration] Will assume transactional DDL.
backend-1   | INFO  [alembic.runtime.migration] Context impl PostgresqlImpl.
backend-1   | INFO  [alembic.runtime.migration] Will assume transactional DDL.
backend-1   | INFO  [alembic.runtime.migration] Context impl PostgresqlImpl.
backend-1   | INFO  [alembic.runtime.migration] Will assume transactional DDL.
backend-1   | INFO  [alembic.runtime.migration] Context impl PostgresqlImpl.
backend-1   | INFO  [alembic.runtime.migration] Will assume transactional DDL.
backend-1   | INFO  [alembic.runtime.migration] Context impl PostgresqlImpl.
backend-1   | INFO  [alembic.runtime.migration] Will assume transactional DDL.
backend-1   | INFO  [alembic.runtime.migration] Context impl PostgresqlImpl.
backend-1   | INFO  [alembic.runtime.migration] Will assume transactional DDL.
backend-1   | INFO  [alembic.runtime.migration] Context impl PostgresqlImpl.
backend-1   | INFO  [alembic.runtime.migration] Will assume transactional DDL.
backend-1   | INFO  [alembic.runtime.migration] Context impl PostgresqlImpl.
backend-1   | INFO  [alembic.runtime.migration] Will assume transactional DDL.
backend-1   | INFO  [alembic.runtime.migration] Context impl PostgresqlImpl.
backend-1   | INFO  [alembic.runtime.migration] Will assume transactional DDL.
backend-1   | INFO  [alembic.runtime.migration] Context impl PostgresqlImpl.
backend-1   | INFO  [alembic.runtime.migration] Will assume transactional DDL.
backend-1   | INFO  [alembic.runtime.migration] Context impl PostgresqlImpl.
backend-1   | INFO  [alembic.runtime.migration] Will assume transactional DDL.
backend-1   | INFO  [alembic.runtime.migration] Context impl PostgresqlImpl.
backend-1   | INFO  [alembic.runtime.migration] Will assume transactional DDL.
backend-1   | INFO  [alembic.runtime.migration] Context impl PostgresqlImpl.
backend-1   | INFO  [alembic.runtime.migration] Will assume transactional DDL.
backend-1   | INFO  [alembic.runtime.migration] Context impl PostgresqlImpl.
backend-1   | INFO  [alembic.runtime.migration] Will assume transactional DDL.
backend-1   | INFO  [alembic.runtime.migration] Context impl PostgresqlImpl.
backend-1   | INFO  [alembic.runtime.migration] Will assume transactional DDL.
backend-1   | INFO  [alembic.runtime.migration] Context impl PostgresqlImpl.
backend-1   | INFO  [alembic.runtime.migration] Will assume transactional DDL.
backend-1   | INFO  [alembic.runtime.migration] Context impl PostgresqlImpl.
backend-1   | INFO  [alembic.runtime.migration] Will assume transactional DDL.
backend-1   | INFO  [alembic.runtime.migration] Context impl PostgresqlImpl.
backend-1   | INFO  [alembic.runtime.migration] Will assume transactional DDL.
backend-1   | INFO  [alembic.runtime.migration] Context impl PostgresqlImpl.
backend-1   | INFO  [alembic.runtime.migration] Will assume transactional DDL.
backend-1   | INFO  [alembic.runtime.migration] Context impl PostgresqlImpl.
backend-1   | INFO  [alembic.runtime.migration] Will assume transactional DDL.
backend-1   | INFO  [alembic.runtime.migration] Context impl PostgresqlImpl.
backend-1   | INFO  [alembic.runtime.migration] Will assume transactional DDL.
backend-1   | INFO  [alembic.runtime.migration] Context impl PostgresqlImpl.
backend-1   | INFO  [alembic.runtime.migration] Will assume transactional DDL.
backend-1   | INFO  [alembic.runtime.migration] Context impl PostgresqlImpl.
backend-1   | INFO  [alembic.runtime.migration] Will assume transactional DDL.
backend-1   | INFO  [alembic.runtime.migration] Context impl PostgresqlImpl.
backend-1   | INFO  [alembic.runtime.migration] Will assume transactional DDL.
backend-1   | INFO  [alembic.runtime.migration] Context impl PostgresqlImpl.
backend-1   | INFO  [alembic.runtime.migration] Will assume transactional DDL.
backend-1   | INFO  [alembic.runtime.migration] Context impl PostgresqlImpl.
backend-1   | INFO  [alembic.runtime.migration] Will assume transactional DDL.
backend-1   | INFO  [alembic.runtime.migration] Context impl PostgresqlImpl.
backend-1   | INFO  [alembic.runtime.migration] Will assume transactional DDL.
backend-1   | INFO  [alembic.runtime.migration] Context impl PostgresqlImpl.
backend-1   | INFO  [alembic.runtime.migration] Will assume transactional DDL.
backend-1   | INFO  [alembic.runtime.migration] Context impl PostgresqlImpl.
backend-1   | INFO  [alembic.runtime.migration] Will assume transactional DDL.
backend-1   | INFO  [alembic.runtime.migration] Context impl PostgresqlImpl.
backend-1   | INFO  [alembic.runtime.migration] Will assume transactional DDL.
backend-1   | INFO  [alembic.runtime.migration] Context impl PostgresqlImpl.
backend-1   | INFO  [alembic.runtime.migration] Will assume transactional DDL.
backend-1   | INFO  [alembic.runtime.migration] Context impl PostgresqlImpl.
backend-1   | INFO  [alembic.runtime.migration] Will assume transactional DDL.
backend-1   | INFO  [alembic.runtime.migration] Context impl PostgresqlImpl.
backend-1   | INFO  [alembic.runtime.migration] Will assume transactional DDL.
backend-1   | INFO  [alembic.runtime.migration] Context impl PostgresqlImpl.
backend-1   | INFO  [alembic.runtime.migration] Will assume transactional DDL.
backend-1   | INFO  [alembic.runtime.migration] Context impl PostgresqlImpl.
backend-1   | INFO  [alembic.runtime.migration] Will assume transactional DDL.
backend-1   | INFO  [alembic.runtime.migration] Context impl PostgresqlImpl.
backend-1   | INFO  [alembic.runtime.migration] Will assume transactional DDL.
backend-1   | INFO  [alembic.runtime.migration] Context impl PostgresqlImpl.
backend-1   | INFO  [alembic.runtime.migration] Will assume transactional DDL.
backend-1   | INFO  [alembic.runtime.migration] Context impl PostgresqlImpl.
backend-1   | INFO  [alembic.runtime.migration] Will assume transactional DDL.
backend-1   | INFO  [alembic.runtime.migration] Context impl PostgresqlImpl.
backend-1   | INFO  [alembic.runtime.migration] Will assume transactional DDL.
backend-1   | INFO  [alembic.runtime.migration] Context impl PostgresqlImpl.
backend-1   | INFO  [alembic.runtime.migration] Will assume transactional DDL.
backend-1   | INFO  [alembic.runtime.migration] Context impl PostgresqlImpl.
backend-1   | INFO  [alembic.runtime.migration] Will assume transactional DDL.
backend-1   | INFO  [alembic.runtime.migration] Context impl PostgresqlImpl.
backend-1   | INFO  [alembic.runtime.migration] Will assume transactional DDL.
backend-1   | INFO  [alembic.runtime.migration] Context impl PostgresqlImpl.
backend-1   | INFO  [alembic.runtime.migration] Will assume transactional DDL.
backend-1   | INFO  [alembic.runtime.migration] Context impl PostgresqlImpl.
backend-1   | INFO  [alembic.runtime.migration] Will assume transactional DDL.
backend-1   | INFO  [alembic.runtime.migration] Context impl PostgresqlImpl.
backend-1   | INFO  [alembic.runtime.migration] Will assume transactional DDL.
backend-1   | INFO  [alembic.runtime.migration] Context impl PostgresqlImpl.
backend-1   | INFO  [alembic.runtime.migration] Will assume transactional DDL.
backend-1   | INFO  [alembic.runtime.migration] Context impl PostgresqlImpl.
backend-1   | INFO  [alembic.runtime.migration] Will assume transactional DDL.
backend-1   | INFO  [alembic.runtime.migration] Context impl PostgresqlImpl.
backend-1   | INFO  [alembic.runtime.migration] Will assume transactional DDL.
backend-1   | INFO  [alembic.runtime.migration] Context impl PostgresqlImpl.
backend-1   | INFO  [alembic.runtime.migration] Will assume transactional DDL.
backend-1   | INFO  [alembic.runtime.migration] Context impl PostgresqlImpl.
backend-1   | INFO  [alembic.runtime.migration] Will assume transactional DDL.
backend-1   | INFO  [alembic.runtime.migration] Context impl PostgresqlImpl.
backend-1   | INFO  [alembic.runtime.migration] Will assume transactional DDL.
backend-1   | INFO  [alembic.runtime.migration] Context impl PostgresqlImpl.
backend-1   | INFO  [alembic.runtime.migration] Will assume transactional DDL.
backend-1   | INFO  [alembic.runtime.migration] Context impl PostgresqlImpl.
backend-1   | INFO  [alembic.runtime.migration] Will assume transactional DDL.
backend-1   | INFO  [alembic.runtime.migration] Context impl PostgresqlImpl.
backend-1   | INFO  [alembic.runtime.migration] Will assume transactional DDL.
backend-1   | INFO  [alembic.runtime.migration] Context impl PostgresqlImpl.
backend-1   | INFO  [alembic.runtime.migration] Will assume transactional DDL.
backend-1   | INFO  [alembic.runtime.migration] Context impl PostgresqlImpl.
backend-1   | INFO  [alembic.runtime.migration] Will assume transactional DDL.
backend-1   | INFO  [alembic.runtime.migration] Context impl PostgresqlImpl.
backend-1   | INFO  [alembic.runtime.migration] Will assume transactional DDL.
backend-1   | INFO  [alembic.runtime.migration] Context impl PostgresqlImpl.
backend-1   | INFO  [alembic.runtime.migration] Will assume transactional DDL.
backend-1   | INFO  [alembic.runtime.migration] Context impl PostgresqlImpl.
backend-1   | INFO  [alembic.runtime.migration] Will assume transactional DDL.
backend-1   | INFO  [alembic.runtime.migration] Context impl PostgresqlImpl.
backend-1   | INFO  [alembic.runtime.migration] Will assume transactional DDL.
backend-1   | INFO  [alembic.runtime.migration] Context impl PostgresqlImpl.
backend-1   | INFO  [alembic.runtime.migration] Will assume transactional DDL.
backend-1   | INFO  [alembic.runtime.migration] Context impl PostgresqlImpl.
backend-1   | INFO  [alembic.runtime.migration] Will assume transactional DDL.
backend-1   | INFO  [alembic.runtime.migration] Context impl PostgresqlImpl.
backend-1   | INFO  [alembic.runtime.migration] Will assume transactional DDL.
backend-1   | INFO  [alembic.runtime.migration] Context impl PostgresqlImpl.
backend-1   | INFO  [alembic.runtime.migration] Will assume transactional DDL.
backend-1   | INFO  [alembic.runtime.migration] Context impl PostgresqlImpl.
backend-1   | INFO  [alembic.runtime.migration] Will assume transactional DDL.
backend-1   | INFO  [alembic.runtime.migration] Context impl PostgresqlImpl.
backend-1   | INFO  [alembic.runtime.migration] Will assume transactional DDL.
backend-1   | INFO  [alembic.runtime.migration] Context impl PostgresqlImpl.
backend-1   | INFO  [alembic.runtime.migration] Will assume transactional DDL.
backend-1   | INFO  [alembic.runtime.migration] Context impl PostgresqlImpl.
backend-1   | INFO  [alembic.runtime.migration] Will assume transactional DDL.
backend-1   | INFO  [alembic.runtime.migration] Context impl PostgresqlImpl.
backend-1   | INFO  [alembic.runtime.migration] Will assume transactional DDL.
backend-1   | INFO  [alembic.runtime.migration] Context impl PostgresqlImpl.
backend-1   | INFO  [alembic.runtime.migration] Will assume transactional DDL.
backend-1   | INFO  [alembic.runtime.migration] Context impl PostgresqlImpl.
backend-1   | INFO  [alembic.runtime.migration] Will assume transactional DDL.
backend-1   | INFO  [alembic.runtime.migration] Context impl PostgresqlImpl.
backend-1   | INFO  [alembic.runtime.migration] Will assume transactional DDL.
backend-1   | INFO  [alembic.runtime.migration] Context impl PostgresqlImpl.
backend-1   | INFO  [alembic.runtime.migration] Will assume transactional DDL.
backend-1   | INFO  [alembic.runtime.migration] Context impl PostgresqlImpl.
backend-1   | INFO  [alembic.runtime.migration] Will assume transactional DDL.
backend-1   | INFO  [alembic.runtime.migration] Context impl PostgresqlImpl.
backend-1   | INFO  [alembic.runtime.migration] Will assume transactional DDL.
backend-1   | INFO  [alembic.runtime.migration] Context impl PostgresqlImpl.
backend-1   | INFO  [alembic.runtime.migration] Will assume transactional DDL.
backend-1   | INFO  [alembic.runtime.migration] Context impl PostgresqlImpl.
backend-1   | INFO  [alembic.runtime.migration] Will assume transactional DDL.
backend-1   | INFO  [alembic.runtime.migration] Context impl PostgresqlImpl.
backend-1   | INFO  [alembic.runtime.migration] Will assume transactional DDL.
backend-1   | INFO  [alembic.runtime.migration] Context impl PostgresqlImpl.
backend-1   | INFO  [alembic.runtime.migration] Will assume transactional DDL.
backend-1   | INFO  [alembic.runtime.migration] Context impl PostgresqlImpl.
backend-1   | INFO  [alembic.runtime.migration] Will assume transactional DDL.
backend-1   | INFO  [alembic.runtime.migration] Context impl PostgresqlImpl.
backend-1   | INFO  [alembic.runtime.migration] Will assume transactional DDL.
backend-1   | INFO  [alembic.runtime.migration] Context impl PostgresqlImpl.
backend-1   | INFO  [alembic.runtime.migration] Will assume transactional DDL.
backend-1   | INFO  [alembic.runtime.migration] Context impl PostgresqlImpl.
backend-1   | INFO  [alembic.runtime.migration] Will assume transactional DDL.
backend-1   | INFO  [alembic.runtime.migration] Context impl PostgresqlImpl.
backend-1   | INFO  [alembic.runtime.migration] Will assume transactional DDL.
backend-1   | INFO  [alembic.runtime.migration] Context impl PostgresqlImpl.
backend-1   | INFO  [alembic.runtime.migration] Will assume transactional DDL.
backend-1   | INFO  [alembic.runtime.migration] Context impl PostgresqlImpl.
backend-1   | INFO  [alembic.runtime.migration] Will assume transactional DDL.
backend-1   | INFO  [alembic.runtime.migration] Context impl PostgresqlImpl.
backend-1   | INFO  [alembic.runtime.migration] Will assume transactional DDL.
backend-1   | INFO  [alembic.runtime.migration] Context impl PostgresqlImpl.
backend-1   | INFO  [alembic.runtime.migration] Will assume transactional DDL.
backend-1   | INFO  [alembic.runtime.migration] Context impl PostgresqlImpl.
backend-1   | INFO  [alembic.runtime.migration] Will assume transactional DDL.
backend-1   | INFO  [alembic.runtime.migration] Context impl PostgresqlImpl.
backend-1   | INFO  [alembic.runtime.migration] Will assume transactional DDL.
backend-1   | INFO  [alembic.runtime.migration] Context impl PostgresqlImpl.
backend-1   | INFO  [alembic.runtime.migration] Will assume transactional DDL.
backend-1   | INFO  [alembic.runtime.migration] Context impl PostgresqlImpl.
backend-1   | INFO  [alembic.runtime.migration] Will assume transactional DDL.
backend-1   | INFO  [alembic.runtime.migration] Context impl PostgresqlImpl.
backend-1   | INFO  [alembic.runtime.migration] Will assume transactional DDL.
backend-1   | INFO  [alembic.runtime.migration] Context impl PostgresqlImpl.
backend-1   | INFO  [alembic.runtime.migration] Will assume transactional DDL.
backend-1   | INFO  [alembic.runtime.migration] Context impl PostgresqlImpl.
backend-1   | INFO  [alembic.runtime.migration] Will assume transactional DDL.
backend-1   | INFO  [alembic.runtime.migration] Context impl PostgresqlImpl.
backend-1   | INFO  [alembic.runtime.migration] Will assume transactional DDL.
backend-1   | INFO  [alembic.runtime.migration] Context impl PostgresqlImpl.
backend-1   | INFO  [alembic.runtime.migration] Will assume transactional DDL.
backend-1   | INFO  [alembic.runtime.migration] Context impl PostgresqlImpl.
backend-1   | INFO  [alembic.runtime.migration] Will assume transactional DDL.
backend-1   | INFO  [alembic.runtime.migration] Context impl PostgresqlImpl.
backend-1   | INFO  [alembic.runtime.migration] Will assume transactional DDL.
backend-1   | INFO  [alembic.runtime.migration] Context impl PostgresqlImpl.
backend-1   | INFO  [alembic.runtime.migration] Will assume transactional DDL.
backend-1   | INFO  [alembic.runtime.migration] Context impl PostgresqlImpl.
backend-1   | INFO  [alembic.runtime.migration] Will assume transactional DDL.
backend-1   | INFO  [alembic.runtime.migration] Context impl PostgresqlImpl.
backend-1   | INFO  [alembic.runtime.migration] Will assume transactional DDL.
backend-1   | INFO  [alembic.runtime.migration] Context impl PostgresqlImpl.
backend-1   | INFO  [alembic.runtime.migration] Will assume transactional DDL.
backend-1   | INFO  [alembic.runtime.migration] Context impl PostgresqlImpl.
backend-1   | INFO  [alembic.runtime.migration] Will assume transactional DDL.
backend-1   | INFO  [alembic.runtime.migration] Context impl PostgresqlImpl.
backend-1   | INFO  [alembic.runtime.migration] Will assume transactional DDL.
backend-1   | INFO  [alembic.runtime.migration] Context impl PostgresqlImpl.
backend-1   | INFO  [alembic.runtime.migration] Will assume transactional DDL.
backend-1   | INFO  [alembic.runtime.migration] Context impl PostgresqlImpl.
backend-1   | INFO  [alembic.runtime.migration] Will assume transactional DDL.
backend-1   | INFO  [alembic.runtime.migration] Context impl PostgresqlImpl.
backend-1   | INFO  [alembic.runtime.migration] Will assume transactional DDL.
backend-1   | INFO  [alembic.runtime.migration] Context impl PostgresqlImpl.
backend-1   | INFO  [alembic.runtime.migration] Will assume transactional DDL.
backend-1   | INFO  [alembic.runtime.migration] Context impl PostgresqlImpl.
backend-1   | INFO  [alembic.runtime.migration] Will assume transactional DDL.
backend-1   | INFO  [alembic.runtime.migration] Context impl PostgresqlImpl.
backend-1   | INFO  [alembic.runtime.migration] Will assume transactional DDL.
backend-1   | INFO  [alembic.runtime.migration] Context impl PostgresqlImpl.
backend-1   | INFO  [alembic.runtime.migration] Will assume transactional DDL.
backend-1   | INFO  [alembic.runtime.migration] Context impl PostgresqlImpl.
backend-1   | INFO  [alembic.runtime.migration] Will assume transactional DDL.
backend-1   | INFO  [alembic.runtime.migration] Context impl PostgresqlImpl.
backend-1   | INFO  [alembic.runtime.migration] Will assume transactional DDL.
backend-1   | INFO  [alembic.runtime.migration] Context impl PostgresqlImpl.
backend-1   | INFO  [alembic.runtime.migration] Will assume transactional DDL.
