
> agenttree-studio-frontend@0.1.0 build
> tsc -b && vite build

vite v7.3.6 building client environment for production...
transforming...
✓ 2032 modules transformed.
rendering chunks...
computing gzip size...
dist/index.html                                       0.63 kB │ gzip:   0.37 kB
dist/assets/tree-playground-PcsDhc1M.css              2.84 kB │ gzip:   0.89 kB
dist/assets/canvas-utf7DbsQ.css                      28.40 kB │ gzip:   5.11 kB
dist/assets/index-Bsjdc1DA.css                       67.78 kB │ gzip:  12.15 kB
dist/assets/check-xOOGMKYa.js                         0.13 kB │ gzip:   0.14 kB
dist/assets/loader-circle-CDr0Jxih.js                 0.15 kB │ gzip:   0.15 kB
dist/assets/plus-DoVzzjsc.js                          0.15 kB │ gzip:   0.15 kB
dist/assets/arrow-right-DzBCT9r_.js                   0.17 kB │ gzip:   0.16 kB
dist/assets/arrow-up-right-CLCUzAGy.js                0.17 kB │ gzip:   0.16 kB
dist/assets/skeleton-BH9JBzUL.js                      0.17 kB │ gzip:   0.16 kB
dist/assets/search-CYzsrjeL.js                        0.18 kB │ gzip:   0.17 kB
dist/assets/play-2YOCePex.js                          0.19 kB │ gzip:   0.18 kB
dist/assets/activity-Q9Hv0p12.js                      0.24 kB │ gzip:   0.20 kB
dist/assets/database-BJuhcwFC.js                      0.24 kB │ gzip:   0.20 kB
dist/assets/eye-BAVBHPsl.js                           0.26 kB │ gzip:   0.20 kB
dist/assets/plug-DfqrdKqS.js                          0.26 kB │ gzip:   0.19 kB
dist/assets/pencil-CaC-86sc.js                        0.28 kB │ gzip:   0.23 kB
dist/assets/provider-models-Y9WHzuk1.js               0.30 kB │ gzip:   0.19 kB
dist/assets/refresh-cw-Do0LkjUE.js                    0.32 kB │ gzip:   0.23 kB
dist/assets/save-DapKu0EN.js                          0.33 kB │ gzip:   0.23 kB
dist/assets/bot-3DCf_rAo.js                           0.33 kB │ gzip:   0.23 kB
dist/assets/trash-2-s8PvExgk.js                       0.33 kB │ gzip:   0.22 kB
dist/assets/clock-3-B59ySMXb.js                       0.33 kB │ gzip:   0.22 kB
dist/assets/circle-check-B64eqp8k.js                  0.38 kB │ gzip:   0.24 kB
dist/assets/panels-top-left-DX9LTFGE.js               0.46 kB │ gzip:   0.28 kB
dist/assets/page-header-3dI_DKIT.js                   0.56 kB │ gzip:   0.34 kB
dist/assets/textarea-SMf9cI_c.js                      0.57 kB │ gzip:   0.35 kB
dist/assets/input-BtpXy_i7.js                         0.58 kB │ gzip:   0.36 kB
dist/assets/getting-started-CyTVqkbb.js               0.60 kB │ gzip:   0.39 kB
dist/assets/empty-state-CmIxXG5N.js                   0.61 kB │ gzip:   0.34 kB
dist/assets/onboarding-CpxIjoxD.js                    0.64 kB │ gzip:   0.36 kB
dist/assets/card-C5-s7e3N.js                          0.69 kB │ gzip:   0.31 kB
dist/assets/badge-9ZVPp-qI.js                         0.70 kB │ gzip:   0.38 kB
dist/assets/notice-BAtUdbau.js                        0.81 kB │ gzip:   0.46 kB
dist/assets/tool-status-badge-or_6o_qe.js             0.82 kB │ gzip:   0.49 kB
dist/assets/table-BJh8kiyY.js                         0.83 kB │ gzip:   0.36 kB
dist/assets/delete-tree-dialog-CTBUm34W.js            0.91 kB │ gzip:   0.51 kB
dist/assets/create-tree-Bw23oKi9.js                   2.22 kB │ gzip:   0.82 kB
dist/assets/create-tree-menu-BwNq_DNw.js              2.25 kB │ gzip:   1.18 kB
dist/assets/run-status-badge-DVepDnEQ.js              2.36 kB │ gzip:   1.11 kB
dist/assets/learning-BIH8uPnb.js                      3.04 kB │ gzip:   1.26 kB
dist/assets/run-list-D0SOAB7C.js                      3.14 kB │ gzip:   1.41 kB
dist/assets/resource-dependency-dialog-sFGmw8LD.js    3.91 kB │ gzip:   1.39 kB
dist/assets/auth-pages-CsF2ZRvx.js                    4.48 kB │ gzip:   1.47 kB
dist/assets/secrets-C12_9bAC.js                       4.48 kB │ gzip:   1.77 kB
dist/assets/tree-list-aQFw7v92.js                     4.95 kB │ gzip:   1.93 kB
dist/assets/settings-nZV3RCxC.js                      5.05 kB │ gzip:   1.87 kB
dist/assets/test-run-dialog-CqtKTtMD.js               5.09 kB │ gzip:   2.13 kB
dist/assets/types-DWsAHSF3.js                         5.17 kB │ gzip:   1.52 kB
dist/assets/security-events-C5SFQtVI.js               6.10 kB │ gzip:   1.98 kB
dist/assets/agent-form-DPpf1Sxe.js                    6.33 kB │ gzip:   2.04 kB
dist/assets/capability-selector-DQUP-O7J.js           6.55 kB │ gzip:   2.15 kB
dist/assets/users-DSp7Wt53.js                         8.02 kB │ gzip:   2.50 kB
dist/assets/getting-started-Deu49d1X.js               8.09 kB │ gzip:   2.53 kB
dist/assets/tree-live-Cbs1qaqt.js                     8.13 kB │ gzip:   2.86 kB
dist/assets/run-live-BKgJkSGG.js                      9.05 kB │ gzip:   3.73 kB
dist/assets/templates-BVK8m8s_.js                     9.43 kB │ gzip:   2.68 kB
dist/assets/account-page-sKJxP-nx.js                  9.62 kB │ gzip:   3.11 kB
dist/assets/dashboard-ClxJu5F_.js                    14.50 kB │ gzip:   3.78 kB
dist/assets/tree-playground-C48J-xHq.js              15.81 kB │ gzip:   5.37 kB
dist/assets/providers-BAAno5PD.js                    15.84 kB │ gzip:   5.21 kB
dist/assets/run-detail-av-SjSLR.js                   23.40 kB │ gzip:   6.90 kB
dist/assets/tree-wizard-DMoIMMoB.js                  25.65 kB │ gzip:   7.31 kB
dist/assets/template-setup-Dnd2DM9-.js               29.24 kB │ gzip:   7.38 kB
dist/assets/tree-builder-BaAmlrQB.js                 31.33 kB │ gzip:   8.97 kB
dist/assets/tree-detail-BF3XqEZh.js                  32.63 kB │ gzip:   9.45 kB
dist/assets/tools-D7aRQ-wf.js                        41.88 kB │ gzip:  11.19 kB
dist/assets/canvas-Du3xsyeg.js                      196.96 kB │ gzip:  64.45 kB
dist/assets/index-DDQNLxn-.js                       685.42 kB │ gzip: 206.07 kB

(!) Some chunks are larger than 500 kB after minification. Consider:
- Using dynamic import() to code-split the application
- Use build.rollupOptions.output.manualChunks to improve chunking: https://rollupjs.org/configuration-options/#output-manualchunks
- Adjust chunk size limit for this warning via build.chunkSizeWarningLimit.
✓ built in 2.66s
