
> agenttree-studio-frontend@0.1.0 build
> tsc -b && vite build

vite v7.3.6 building client environment for production...
transforming...
✓ 2035 modules transformed.
rendering chunks...
computing gzip size...
dist/index.html                                       0.63 kB │ gzip:   0.37 kB
dist/assets/tree-playground-PcsDhc1M.css              2.84 kB │ gzip:   0.89 kB
dist/assets/canvas-utf7DbsQ.css                      28.40 kB │ gzip:   5.11 kB
dist/assets/index-M58nm0ix.css                       77.97 kB │ gzip:  14.15 kB
dist/assets/check-BDzqkrAK.js                         0.13 kB │ gzip:   0.14 kB
dist/assets/loader-circle-DTBvk0Fd.js                 0.15 kB │ gzip:   0.15 kB
dist/assets/plus-B7VFufUa.js                          0.15 kB │ gzip:   0.15 kB
dist/assets/arrow-right-B6b9j9nh.js                   0.17 kB │ gzip:   0.16 kB
dist/assets/arrow-up-right-Boh18h9c.js                0.17 kB │ gzip:   0.16 kB
dist/assets/skeleton-CsgkTGx0.js                      0.17 kB │ gzip:   0.16 kB
dist/assets/search-zaM8AFTM.js                        0.18 kB │ gzip:   0.17 kB
dist/assets/play-B7QL_Vci.js                          0.19 kB │ gzip:   0.18 kB
dist/assets/activity-C3ZPTuZT.js                      0.24 kB │ gzip:   0.20 kB
dist/assets/database-D5ElKtUl.js                      0.24 kB │ gzip:   0.20 kB
dist/assets/eye-z01crV5P.js                           0.26 kB │ gzip:   0.20 kB
dist/assets/plug-DhqQuvHj.js                          0.26 kB │ gzip:   0.19 kB
dist/assets/pencil-CudbM-jN.js                        0.28 kB │ gzip:   0.23 kB
dist/assets/refresh-cw-Dp7uvXQN.js                    0.32 kB │ gzip:   0.23 kB
dist/assets/save-DR2v_6Zu.js                          0.33 kB │ gzip:   0.23 kB
dist/assets/trash-2-DTjrYAEU.js                       0.33 kB │ gzip:   0.22 kB
dist/assets/clock-3-BtrE79HQ.js                       0.33 kB │ gzip:   0.22 kB
dist/assets/circle-check-DVBwbfAQ.js                  0.38 kB │ gzip:   0.23 kB
dist/assets/panels-top-left-1YbeJTyN.js               0.46 kB │ gzip:   0.28 kB
dist/assets/page-header-DHWU5JM7.js                   0.56 kB │ gzip:   0.34 kB
dist/assets/textarea-B9pC5xcA.js                      0.57 kB │ gzip:   0.35 kB
dist/assets/input-OsSDmvsb.js                         0.58 kB │ gzip:   0.35 kB
dist/assets/empty-state-BpETmeQQ.js                   0.61 kB │ gzip:   0.34 kB
dist/assets/onboarding-CpxIjoxD.js                    0.64 kB │ gzip:   0.36 kB
dist/assets/card-BaDM5X6F.js                          0.69 kB │ gzip:   0.31 kB
dist/assets/badge-aJc9aJi_.js                         0.70 kB │ gzip:   0.38 kB
dist/assets/notice-gV9FY0BU.js                        0.81 kB │ gzip:   0.46 kB
dist/assets/tool-status-badge-CiaVfvYk.js             0.82 kB │ gzip:   0.48 kB
dist/assets/table-hw7TIgd9.js                         0.83 kB │ gzip:   0.36 kB
dist/assets/delete-tree-dialog-BGmSMeBp.js            0.91 kB │ gzip:   0.51 kB
dist/assets/provider-models-BY-Ie-xW.js               1.03 kB │ gzip:   0.44 kB
dist/assets/create-tree-BcpNi8EP.js                   2.22 kB │ gzip:   0.81 kB
dist/assets/create-tree-menu-B1JDZGEh.js              2.25 kB │ gzip:   1.18 kB
dist/assets/run-status-badge-DHFefxt4.js              2.68 kB │ gzip:   1.19 kB
dist/assets/learning-DQNjPMz3.js                      3.04 kB │ gzip:   1.26 kB
dist/assets/resource-dependency-dialog-CPAjUdKu.js    3.91 kB │ gzip:   1.39 kB
dist/assets/auth-pages-ZUeshlnx.js                    4.48 kB │ gzip:   1.47 kB
dist/assets/getting-started-_wM_nEBi.js               4.68 kB │ gzip:   1.74 kB
dist/assets/tree-list-DQU_ZB8n.js                     4.95 kB │ gzip:   1.93 kB
dist/assets/secrets--7Yx6EIp.js                       5.03 kB │ gzip:   1.92 kB
dist/assets/types-DWsAHSF3.js                         5.17 kB │ gzip:   1.52 kB
dist/assets/settings-C6kGKfnx.js                      5.21 kB │ gzip:   1.94 kB
dist/assets/test-run-dialog-DzUEtuX1.js               5.38 kB │ gzip:   2.25 kB
dist/assets/security-events-CG3wtpWr.js               6.10 kB │ gzip:   1.98 kB
dist/assets/capability-selector-BaANs5_f.js           6.55 kB │ gzip:   2.15 kB
dist/assets/run-list-BoyMWZAH.js                      6.61 kB │ gzip:   2.63 kB
dist/assets/agent-form-BV7wBN2p.js                    7.20 kB │ gzip:   2.32 kB
dist/assets/tree-live-DxpTIGOS.js                     8.13 kB │ gzip:   2.86 kB
dist/assets/getting-started-nBH2vbVB.js               8.13 kB │ gzip:   2.56 kB
dist/assets/api-examples-BJT_U8uh.js                  8.18 kB │ gzip:   3.13 kB
dist/assets/users-DwVS64I_.js                         8.24 kB │ gzip:   2.59 kB
dist/assets/run-live-3TAlIJKf.js                      9.14 kB │ gzip:   3.74 kB
dist/assets/account-page-Bn5pQW0a.js                 10.26 kB │ gzip:   3.28 kB
dist/assets/templates-Bw8SzUzu.js                    11.81 kB │ gzip:   3.29 kB
dist/assets/tree-playground-C5eoxQJ3.js              15.81 kB │ gzip:   5.37 kB
dist/assets/dashboard-BYUFV3TW.js                    16.06 kB │ gzip:   4.21 kB
dist/assets/providers-DRMQRY9c.js                    18.68 kB │ gzip:   5.85 kB
dist/assets/tree-wizard-rGjKaLvB.js                  25.62 kB │ gzip:   7.30 kB
dist/assets/template-setup-DPNLOgZr.js               29.24 kB │ gzip:   7.38 kB
dist/assets/tree-detail-CpHeWF3Q.js                  29.93 kB │ gzip:   8.66 kB
dist/assets/tree-builder-BmLr-M1D.js                 31.33 kB │ gzip:   8.98 kB
dist/assets/run-detail-Ba4S5S5L.js                   33.23 kB │ gzip:   9.00 kB
dist/assets/tools-BhKSnDYt.js                        43.28 kB │ gzip:  11.55 kB
dist/assets/canvas-CsELFdeK.js                      196.96 kB │ gzip:  64.45 kB
dist/assets/index-BrblP_mm.js                       786.24 kB │ gzip: 230.08 kB

(!) Some chunks are larger than 500 kB after minification. Consider:
- Using dynamic import() to code-split the application
- Use build.rollupOptions.output.manualChunks to improve chunking: https://rollupjs.org/configuration-options/#output-manualchunks
- Adjust chunk size limit for this warning via build.chunkSizeWarningLimit.
✓ built in 6.04s
