
> agenttree-studio-frontend@0.1.0 build
> tsc -b && vite build

vite v7.3.6 building client environment for production...
transforming...
✓ 2036 modules transformed.
rendering chunks...
computing gzip size...
dist/index.html                                       0.63 kB │ gzip:   0.37 kB
dist/assets/tree-playground-DNGD972S.css              3.67 kB │ gzip:   1.10 kB
dist/assets/canvas-DCdTyy80.css                      29.26 kB │ gzip:   5.25 kB
dist/assets/index-IxtsnPLr.css                       77.92 kB │ gzip:  14.14 kB
dist/assets/check-DzwKM_YD.js                         0.13 kB │ gzip:   0.14 kB
dist/assets/loader-circle-9MuAagbO.js                 0.15 kB │ gzip:   0.16 kB
dist/assets/plus-CiNuK9L_.js                          0.15 kB │ gzip:   0.15 kB
dist/assets/arrow-right-PkWTO7ZW.js                   0.17 kB │ gzip:   0.16 kB
dist/assets/arrow-up-right-CLAYOAgc.js                0.17 kB │ gzip:   0.16 kB
dist/assets/skeleton-ySIeSoBL.js                      0.17 kB │ gzip:   0.16 kB
dist/assets/search-Bi40Op5m.js                        0.18 kB │ gzip:   0.17 kB
dist/assets/play-Dh7UClYp.js                          0.19 kB │ gzip:   0.18 kB
dist/assets/activity-D9_LnenC.js                      0.24 kB │ gzip:   0.20 kB
dist/assets/database-rkksyX_t.js                      0.24 kB │ gzip:   0.20 kB
dist/assets/eye-CFcC4t2g.js                           0.26 kB │ gzip:   0.20 kB
dist/assets/plug-CraI-YVo.js                          0.26 kB │ gzip:   0.20 kB
dist/assets/pencil-DIOMkOsb.js                        0.28 kB │ gzip:   0.23 kB
dist/assets/git-branch-DhsRTnLr.js                    0.28 kB │ gzip:   0.22 kB
dist/assets/refresh-cw-DaP5tFVW.js                    0.32 kB │ gzip:   0.23 kB
dist/assets/clock-3-BrFvnydu.js                       0.32 kB │ gzip:   0.22 kB
dist/assets/save-J65cNria.js                          0.33 kB │ gzip:   0.23 kB
dist/assets/trash-2-CEieupfd.js                       0.33 kB │ gzip:   0.22 kB
dist/assets/circle-check-t3QefPFq.js                  0.38 kB │ gzip:   0.24 kB
dist/assets/panels-top-left--XR0cAqU.js               0.46 kB │ gzip:   0.28 kB
dist/assets/page-header-Db3pJMWn.js                   0.56 kB │ gzip:   0.34 kB
dist/assets/input-C0mBxYrC.js                         0.56 kB │ gzip:   0.35 kB
dist/assets/textarea-CpQlmZ7d.js                      0.57 kB │ gzip:   0.36 kB
dist/assets/empty-state-Bj44l1Q1.js                   0.61 kB │ gzip:   0.34 kB
dist/assets/onboarding-CpxIjoxD.js                    0.64 kB │ gzip:   0.36 kB
dist/assets/card-BJ0Us3Oq.js                          0.69 kB │ gzip:   0.31 kB
dist/assets/badge-Bgb4_M-W.js                         0.70 kB │ gzip:   0.38 kB
dist/assets/notice--cDHjZjv.js                        0.81 kB │ gzip:   0.46 kB
dist/assets/tool-status-badge-D75ve7VB.js             0.82 kB │ gzip:   0.48 kB
dist/assets/table-CJ5oCIqV.js                         0.83 kB │ gzip:   0.37 kB
dist/assets/delete-tree-dialog-CVkcTE0i.js            0.91 kB │ gzip:   0.51 kB
dist/assets/create-tree-D1n3TI6m.js                   2.22 kB │ gzip:   0.82 kB
dist/assets/create-tree-menu-DG1DupEz.js              2.25 kB │ gzip:   1.18 kB
dist/assets/provider-models-BYEM47BF.js               2.50 kB │ gzip:   0.88 kB
dist/assets/run-status-badge-BSfYCKqz.js              2.68 kB │ gzip:   1.19 kB
dist/assets/learning-SsRDeZNW.js                      3.04 kB │ gzip:   1.26 kB
dist/assets/resource-dependency-dialog-BxbsL_GM.js    3.91 kB │ gzip:   1.40 kB
dist/assets/auth-pages-nHZlSNNB.js                    4.48 kB │ gzip:   1.47 kB
dist/assets/getting-started-C7Krv8AH.js               4.68 kB │ gzip:   1.74 kB
dist/assets/tree-list-ByH5FZ_7.js                     4.95 kB │ gzip:   1.93 kB
dist/assets/secrets-DOAh8CX_.js                       5.03 kB │ gzip:   1.92 kB
dist/assets/test-run-dialog-CBdhs9W3.js               5.14 kB │ gzip:   2.14 kB
dist/assets/types-DWsAHSF3.js                         5.17 kB │ gzip:   1.52 kB
dist/assets/settings-CfqyYw7Z.js                      5.21 kB │ gzip:   1.93 kB
dist/assets/security-events-D_eNOdCU.js               6.10 kB │ gzip:   1.98 kB
dist/assets/capability-selector-CIl_c-it.js           6.55 kB │ gzip:   2.15 kB
dist/assets/run-list-Bb5MwtM6.js                      6.61 kB │ gzip:   2.63 kB
dist/assets/agent-form-CozAyRWs.js                    7.33 kB │ gzip:   2.36 kB
dist/assets/tree-live-BPz5dlh5.js                     8.13 kB │ gzip:   2.86 kB
dist/assets/getting-started-e40WWVoL.js               8.13 kB │ gzip:   2.55 kB
dist/assets/api-examples-dpFeltai.js                  8.18 kB │ gzip:   3.13 kB
dist/assets/users-D3ROQGqb.js                         8.24 kB │ gzip:   2.59 kB
dist/assets/run-live-D3oatNPc.js                      9.66 kB │ gzip:   3.93 kB
dist/assets/account-page-Cmas5upq.js                 10.26 kB │ gzip:   3.28 kB
dist/assets/templates-FxKTmyQi.js                    11.81 kB │ gzip:   3.29 kB
dist/assets/dashboard-Dyhlu8hs.js                    16.06 kB │ gzip:   4.21 kB
dist/assets/tree-playground-BbZaoFAO.js              17.03 kB │ gzip:   5.76 kB
dist/assets/providers-s0V1Q2gd.js                    21.71 kB │ gzip:   6.56 kB
dist/assets/tree-wizard-D_-nSdpC.js                  25.66 kB │ gzip:   7.32 kB
dist/assets/template-setup-BgCWcTBJ.js               29.24 kB │ gzip:   7.38 kB
dist/assets/tree-detail-Bx8aYNMy.js                  29.96 kB │ gzip:   8.67 kB
dist/assets/tree-builder-0MB2KrHX.js                 31.71 kB │ gzip:   9.09 kB
dist/assets/run-detail-BEiIezRk.js                   34.08 kB │ gzip:   9.20 kB
dist/assets/tools-Db2t--Kx.js                        43.28 kB │ gzip:  11.54 kB
dist/assets/canvas-DLnUNQl7.js                      197.85 kB │ gzip:  64.82 kB
dist/assets/index-CLGvg3U2.js                       798.00 kB │ gzip: 232.47 kB

(!) Some chunks are larger than 500 kB after minification. Consider:
- Using dynamic import() to code-split the application
- Use build.rollupOptions.output.manualChunks to improve chunking: https://rollupjs.org/configuration-options/#output-manualchunks
- Adjust chunk size limit for this warning via build.chunkSizeWarningLimit.
✓ built in 4.41s
