 Image agenttree-studio-frontend Building
#1 [internal] load local bake definitions
#1 reading from stdin 1.05kB done
#1 DONE 0.0s

#2 [internal] load build definition from Dockerfile
#2 transferring dockerfile: 344B done
#2 DONE 0.0s

#3 [internal] load metadata for docker.io/library/node:24-bookworm-slim
#3 DONE 1.0s

#4 [internal] load .dockerignore
#4 transferring context: 320B done
#4 DONE 0.0s

#5 [1/7] FROM docker.io/library/node:24-bookworm-slim@sha256:d6aa754f16b3197301076f047b5def2f02ea1dbbc2ca920407d46d7ec7f87b20
#5 resolve docker.io/library/node:24-bookworm-slim@sha256:d6aa754f16b3197301076f047b5def2f02ea1dbbc2ca920407d46d7ec7f87b20 0.0s done
#5 DONE 0.1s

#6 [internal] load build context
#6 transferring context: 62.98kB 0.0s done
#6 DONE 0.1s

#7 [4/7] RUN npm ci
#7 CACHED

#8 [2/7] WORKDIR /app
#8 CACHED

#9 [3/7] COPY frontend/package.json frontend/package-lock.json ./
#9 CACHED

#10 [5/7] COPY frontend/index.html frontend/vite.config.ts frontend/tsconfig*.json ./
#10 CACHED

#11 [6/7] COPY frontend/src ./src
#11 DONE 0.1s

#12 [7/7] COPY frontend/public ./public
#12 DONE 0.1s

#13 exporting to image
#13 exporting layers
#13 exporting layers 0.2s done
#13 exporting manifest sha256:6506e24f81214947ffa44c9dff326a0b19424f3dbeb7f1d1844489f6741b55c0 0.0s done
#13 exporting config sha256:ae751d709396b975de0eabca67bcab1146f0d908ad2ed0cadcacdea4d814ef9a 0.0s done
#13 exporting attestation manifest sha256:a12c3ed86cbd555d5531c404879402316333b05ae9c9c57d5ae2fca291101486 0.0s done
#13 exporting manifest list sha256:a7270a46c54778c30c576b2b338fb6d4181a9282457df77e406e43fd9552a7bb 0.0s done
#13 naming to docker.io/library/agenttree-studio-frontend:latest done
#13 unpacking to docker.io/library/agenttree-studio-frontend:latest 0.1s done
#13 DONE 0.4s

#14 resolving provenance for metadata file
#14 DONE 0.0s
 Image agenttree-studio-frontend Built
