........................................................................ [  9%]
...................F
=================================== FAILURES ===================================
________ test_custom_chat_models_cache_validation_and_secret_redaction _________

    def test_custom_chat_models_cache_validation_and_secret_redaction():
>       with server() as (url, state):

tests/test_compatible_providers.py:76:
_ _ _ _ _ _ _ _ _ _ _ _ _ _ _ _ _ _ _ _ _ _ _ _ _ _ _ _ _ _ _ _ _ _ _ _ _ _ _ _
/usr/lib/python3.12/contextlib.py:137: in __enter__
    return next(self.gen)
           ^^^^^^^^^^^^^^
tests/test_compatible_providers.py:64: in server
    http = ThreadingHTTPServer(("127.0.0.1", 0), Handler)
           ^^^^^^^^^^^^^^^^^^^^^^^^^^^^^^^^^^^^^^^^^^^^^^
/usr/lib/python3.12/socketserver.py:453: in __init__
    self.socket = socket.socket(self.address_family,
_ _ _ _ _ _ _ _ _ _ _ _ _ _ _ _ _ _ _ _ _ _ _ _ _ _ _ _ _ _ _ _ _ _ _ _ _ _ _ _

self = <socket.socket fd=-1, family=0, type=0, proto=0>
family = <AddressFamily.AF_INET: 2>, type = <SocketKind.SOCK_STREAM: 1>
proto = 0, fileno = None

    def __init__(self, family=-1, type=-1, proto=-1, fileno=None):
        # For user code address family and type values are IntEnum members, but
        # for the underlying _socket.socket they're just integers. The
        # constructor of _socket.socket converts the given argument to an
        # integer automatically.
        if fileno is None:
            if family == -1:
                family = AF_INET
            if type == -1:
                type = SOCK_STREAM
            if proto == -1:
                proto = 0
>       _socket.socket.__init__(self, family, type, proto, fileno)
E       PermissionError: [Errno 1] Operation not permitted

/usr/lib/python3.12/socket.py:233: PermissionError
=========================== short test summary info ============================
FAILED tests/test_compatible_providers.py::test_custom_chat_models_cache_validation_and_secret_redaction
!!!!!!!!!!!!!!!!!!!!!!!!!! stopping after 1 failures !!!!!!!!!!!!!!!!!!!!!!!!!!!
1 failed, 91 passed in 2.73s
