
> agenttree-studio-frontend@0.1.0 build
> tsc -b && vite build

vite v7.3.6 building client environment for production...
transforming...
✓ 2035 modules transformed.
rendering chunks...
computing gzip size...
dist/index.html                                       0.63 kB │ gzip:   0.37 kB
dist/assets/tree-playground-CupSX41n.css              3.36 kB │ gzip:   1.04 kB
dist/assets/canvas-utf7DbsQ.css                      28.40 kB │ gzip:   5.11 kB
dist/assets/index-M58nm0ix.css                       77.97 kB │ gzip:  14.15 kB
dist/assets/check-4d28-9hg.js                         0.13 kB │ gzip:   0.14 kB
dist/assets/loader-circle-BkJxVbqc.js                 0.15 kB │ gzip:   0.15 kB
dist/assets/plus-DMtqvkPT.js                          0.15 kB │ gzip:   0.15 kB
dist/assets/arrow-right-z8Ok6Al0.js                   0.17 kB │ gzip:   0.16 kB
dist/assets/arrow-up-right-xLWbWDp_.js                0.17 kB │ gzip:   0.16 kB
dist/assets/skeleton-tjfOFS-a.js                      0.17 kB │ gzip:   0.16 kB
dist/assets/search-D0EWL-w_.js                        0.18 kB │ gzip:   0.17 kB
dist/assets/play-D0EcP5zE.js                          0.19 kB │ gzip:   0.18 kB
dist/assets/activity-DAUoekUS.js                      0.24 kB │ gzip:   0.20 kB
dist/assets/database-Co4sukNA.js                      0.24 kB │ gzip:   0.20 kB
dist/assets/eye-yesuB8Fu.js                           0.26 kB │ gzip:   0.20 kB
dist/assets/plug-BpfoyKjV.js                          0.26 kB │ gzip:   0.19 kB
dist/assets/pencil-CwPuaXYU.js                        0.28 kB │ gzip:   0.23 kB
dist/assets/refresh-cw-CX4LGN0b.js                    0.32 kB │ gzip:   0.23 kB
dist/assets/save-DBYpqfYH.js                          0.33 kB │ gzip:   0.23 kB
dist/assets/trash-2-D3vspgSf.js                       0.33 kB │ gzip:   0.22 kB
dist/assets/clock-3-D3Cmiwu9.js                       0.33 kB │ gzip:   0.22 kB
dist/assets/circle-check-C7VaLaXz.js                  0.38 kB │ gzip:   0.23 kB
dist/assets/panels-top-left-B9yrcW5Q.js               0.46 kB │ gzip:   0.28 kB
dist/assets/page-header-D9S0ff_h.js                   0.56 kB │ gzip:   0.34 kB
dist/assets/textarea-kNylvYDe.js                      0.57 kB │ gzip:   0.35 kB
dist/assets/input-CIBpKewg.js                         0.58 kB │ gzip:   0.35 kB
dist/assets/empty-state-G2UZd8ED.js                   0.61 kB │ gzip:   0.34 kB
dist/assets/onboarding-CpxIjoxD.js                    0.64 kB │ gzip:   0.36 kB
dist/assets/card-CVgNKJ7z.js                          0.69 kB │ gzip:   0.31 kB
dist/assets/badge-c44SroZ6.js                         0.70 kB │ gzip:   0.38 kB
dist/assets/notice-B80631fB.js                        0.81 kB │ gzip:   0.46 kB
dist/assets/tool-status-badge-B-i2u1sY.js             0.82 kB │ gzip:   0.49 kB
dist/assets/table-u3Qoq4pJ.js                         0.83 kB │ gzip:   0.36 kB
dist/assets/delete-tree-dialog-BFlHNxnS.js            0.91 kB │ gzip:   0.51 kB
dist/assets/provider-models-qf-cvZiS.js               2.19 kB │ gzip:   0.74 kB
dist/assets/create-tree-DhuMg_pV.js                   2.22 kB │ gzip:   0.81 kB
dist/assets/create-tree-menu-CNGcxPQu.js              2.25 kB │ gzip:   1.18 kB
dist/assets/run-status-badge-DsMO-7a1.js              2.68 kB │ gzip:   1.19 kB
dist/assets/learning-BjrdBXda.js                      3.04 kB │ gzip:   1.26 kB
dist/assets/resource-dependency-dialog-DcKaxwJS.js    3.91 kB │ gzip:   1.39 kB
dist/assets/auth-pages-MJge92Di.js                    4.48 kB │ gzip:   1.47 kB
dist/assets/getting-started-CfqoTTnh.js               4.68 kB │ gzip:   1.74 kB
dist/assets/tree-list-Cii0EhHd.js                     4.95 kB │ gzip:   1.93 kB
dist/assets/secrets-D9Vw8Dg4.js                       5.03 kB │ gzip:   1.92 kB
dist/assets/types-DWsAHSF3.js                         5.17 kB │ gzip:   1.52 kB
dist/assets/settings-Bv97BgDF.js                      5.21 kB │ gzip:   1.94 kB
dist/assets/test-run-dialog-3F3BP7vB.js               5.38 kB │ gzip:   2.25 kB
dist/assets/security-events-BpryT8NX.js               6.10 kB │ gzip:   1.98 kB
dist/assets/capability-selector-DpUv4w__.js           6.55 kB │ gzip:   2.16 kB
dist/assets/run-list-DEh8WvAA.js                      6.61 kB │ gzip:   2.63 kB
dist/assets/agent-form-CS_gVnYd.js                    7.20 kB │ gzip:   2.32 kB
dist/assets/tree-live-BfOTjH61.js                     8.13 kB │ gzip:   2.86 kB
dist/assets/getting-started-C32nRCZJ.js               8.13 kB │ gzip:   2.55 kB
dist/assets/api-examples-C0ZgwXnT.js                  8.18 kB │ gzip:   3.13 kB
dist/assets/users-CIiXYXl4.js                         8.24 kB │ gzip:   2.59 kB
dist/assets/run-live-BBkRaD4z.js                      9.14 kB │ gzip:   3.74 kB
dist/assets/account-page-CecoQZJh.js                 10.26 kB │ gzip:   3.28 kB
dist/assets/templates-D-RLf7KJ.js                    11.81 kB │ gzip:   3.29 kB
dist/assets/dashboard-Bv1YYvJq.js                    16.06 kB │ gzip:   4.21 kB
dist/assets/tree-playground-BIbJUA0d.js              17.17 kB │ gzip:   5.81 kB
dist/assets/providers-Q_i9mkZ4.js                    20.24 kB │ gzip:   6.23 kB
dist/assets/tree-wizard-yE1Q1HSH.js                  25.62 kB │ gzip:   7.30 kB
dist/assets/template-setup-PkW777mg.js               29.24 kB │ gzip:   7.38 kB
dist/assets/tree-detail-CSvMDouv.js                  29.93 kB │ gzip:   8.66 kB
dist/assets/tree-builder-Dsavzgv8.js                 31.33 kB │ gzip:   8.97 kB
dist/assets/run-detail-ZQYSN4li.js                   33.23 kB │ gzip:   9.00 kB
dist/assets/tools-nHE4hqOr.js                        43.28 kB │ gzip:  11.54 kB
dist/assets/canvas-C5meqLdA.js                      196.96 kB │ gzip:  64.45 kB
dist/assets/index-6AagoHq1.js                       788.76 kB │ gzip: 230.89 kB

(!) Some chunks are larger than 500 kB after minification. Consider:
- Using dynamic import() to code-split the application
- Use build.rollupOptions.output.manualChunks to improve chunking: https://rollupjs.org/configuration-options/#output-manualchunks
- Adjust chunk size limit for this warning via build.chunkSizeWarningLimit.
✓ built in 17.09s
