 Image agenttree-studio-frontend Building
#1 [internal] load local bake definitions
#1 reading from stdin 1.05kB done
#1 DONE 0.0s

#2 [internal] load build definition from Dockerfile
#2 transferring dockerfile: 344B 0.0s done
#2 DONE 0.1s

#3 [internal] load metadata for docker.io/library/node:24-bookworm-slim
#3 DONE 1.7s

#4 [internal] load .dockerignore
#4 transferring context:
#4 transferring context: 320B 0.1s done
#4 DONE 0.2s

#5 [internal] load build context
#5 transferring context: 25.96kB 0.2s done
#5 DONE 0.3s

#6 [1/7] FROM docker.io/library/node:24-bookworm-slim@sha256:0e0ff40c39bc087845bfb27465a0df4ea419520094bc35842ff83dd8cbe6f9b6
#6 resolve docker.io/library/node:24-bookworm-slim@sha256:0e0ff40c39bc087845bfb27465a0df4ea419520094bc35842ff83dd8cbe6f9b6
#6 resolve docker.io/library/node:24-bookworm-slim@sha256:0e0ff40c39bc087845bfb27465a0df4ea419520094bc35842ff83dd8cbe6f9b6 0.4s done
#6 DONE 0.5s

#7 [2/7] WORKDIR /app
#7 CACHED

#8 [3/7] COPY frontend/package.json frontend/package-lock.json ./
#8 CACHED

#9 [4/7] RUN npm ci
#9 CACHED

#10 [5/7] COPY frontend/index.html frontend/vite.config.ts frontend/tsconfig*.json ./
#10 CACHED

#11 [6/7] COPY frontend/src ./src
#11 DONE 0.7s

#12 [7/7] COPY frontend/public ./public
#12 DONE 0.9s

#13 exporting to image
#13 exporting layers
#13 exporting layers 3.4s done
#13 exporting manifest sha256:5276977c6a1d3c77b6143e308bf385a45e9d2094e8389ef572493f65d8458393
#13 exporting manifest sha256:5276977c6a1d3c77b6143e308bf385a45e9d2094e8389ef572493f65d8458393 0.2s done
#13 exporting config sha256:4d31e83d7a29ddec10e67a25b1799bdf59848b56084b9ab0f8c3ab4efa09c38a
#13 exporting config sha256:4d31e83d7a29ddec10e67a25b1799bdf59848b56084b9ab0f8c3ab4efa09c38a 0.4s done
#13 exporting attestation manifest sha256:2dbb45fff1d77e85f6dcdf64d1afc4199b612fdfe77719c9c11900f31e397e13
#13 exporting attestation manifest sha256:2dbb45fff1d77e85f6dcdf64d1afc4199b612fdfe77719c9c11900f31e397e13 0.3s done
#13 exporting manifest list sha256:d59f6caeecee69515e4f29c14f86cc96ee7542ab0d3141fd68c52868b76eb1f2
#13 exporting manifest list sha256:d59f6caeecee69515e4f29c14f86cc96ee7542ab0d3141fd68c52868b76eb1f2 0.5s done
#13 naming to docker.io/library/agenttree-studio-frontend:latest
#13 naming to docker.io/library/agenttree-studio-frontend:latest 0.1s done
#13 unpacking to docker.io/library/agenttree-studio-frontend:latest
#13 unpacking to docker.io/library/agenttree-studio-frontend:latest 1.0s done
#13 DONE 6.9s

#14 resolving provenance for metadata file
#14 DONE 0.2s
 Image agenttree-studio-frontend Built
