
> agenttree-studio-frontend@0.1.0 build
> tsc -b && vite build

vite v7.3.6 building client environment for production...
transforming...
✓ 2035 modules transformed.
rendering chunks...
computing gzip size...
dist/index.html                                       0.63 kB │ gzip:   0.37 kB
dist/assets/tree-playground-CupSX41n.css              3.36 kB │ gzip:   1.04 kB
dist/assets/canvas-utf7DbsQ.css                      28.40 kB │ gzip:   5.11 kB
dist/assets/index-M58nm0ix.css                       77.97 kB │ gzip:  14.15 kB
dist/assets/check-flXGxDdT.js                         0.13 kB │ gzip:   0.14 kB
dist/assets/loader-circle-Cs778jO2.js                 0.15 kB │ gzip:   0.16 kB
dist/assets/plus-BYvn5C3R.js                          0.15 kB │ gzip:   0.15 kB
dist/assets/arrow-right-BmEi9PF1.js                   0.17 kB │ gzip:   0.16 kB
dist/assets/arrow-up-right-DtO9_VgM.js                0.17 kB │ gzip:   0.16 kB
dist/assets/skeleton-BudFk0Um.js                      0.17 kB │ gzip:   0.16 kB
dist/assets/search-9-SMLCy4.js                        0.18 kB │ gzip:   0.17 kB
dist/assets/play-DNujOeMh.js                          0.19 kB │ gzip:   0.18 kB
dist/assets/activity-JcBAbyqR.js                      0.24 kB │ gzip:   0.20 kB
dist/assets/database-C9K16RdX.js                      0.24 kB │ gzip:   0.20 kB
dist/assets/eye-Cz-PPtXQ.js                           0.26 kB │ gzip:   0.20 kB
dist/assets/plug-DU7kgeS-.js                          0.26 kB │ gzip:   0.20 kB
dist/assets/pencil-D-BZBA0f.js                        0.28 kB │ gzip:   0.23 kB
dist/assets/refresh-cw-DBmtKRc3.js                    0.32 kB │ gzip:   0.23 kB
dist/assets/save-Nzs9AVwC.js                          0.33 kB │ gzip:   0.23 kB
dist/assets/trash-2-D3DzLxtk.js                       0.33 kB │ gzip:   0.22 kB
dist/assets/clock-3-rikP5s9r.js                       0.33 kB │ gzip:   0.22 kB
dist/assets/circle-check-Bfnvc1lH.js                  0.38 kB │ gzip:   0.24 kB
dist/assets/panels-top-left-B6md5rTP.js               0.46 kB │ gzip:   0.28 kB
dist/assets/page-header-DzB731dn.js                   0.56 kB │ gzip:   0.34 kB
dist/assets/textarea-CqIDsnCp.js                      0.57 kB │ gzip:   0.35 kB
dist/assets/input-BDGgLSXk.js                         0.58 kB │ gzip:   0.35 kB
dist/assets/empty-state-CyKyqaHb.js                   0.61 kB │ gzip:   0.34 kB
dist/assets/onboarding-CpxIjoxD.js                    0.64 kB │ gzip:   0.36 kB
dist/assets/card-Beqjn_yP.js                          0.69 kB │ gzip:   0.31 kB
dist/assets/badge-Dn9FsPfs.js                         0.70 kB │ gzip:   0.38 kB
dist/assets/notice-XJTnnxXE.js                        0.81 kB │ gzip:   0.46 kB
dist/assets/tool-status-badge-Dt_I9uT-.js             0.82 kB │ gzip:   0.48 kB
dist/assets/table-afo8ZxhE.js                         0.83 kB │ gzip:   0.36 kB
dist/assets/delete-tree-dialog-CvO0kqHh.js            0.91 kB │ gzip:   0.50 kB
dist/assets/create-tree-C-fDneC6.js                   2.22 kB │ gzip:   0.81 kB
dist/assets/create-tree-menu-BV57Taex.js              2.25 kB │ gzip:   1.18 kB
dist/assets/provider-models-DuIr5wto.js               2.50 kB │ gzip:   0.89 kB
dist/assets/run-status-badge-BbiZChEZ.js              2.68 kB │ gzip:   1.18 kB
dist/assets/learning-BGNfToj3.js                      3.04 kB │ gzip:   1.25 kB
dist/assets/resource-dependency-dialog-DLc1ov84.js    3.91 kB │ gzip:   1.39 kB
dist/assets/auth-pages-BZixWxvw.js                    4.48 kB │ gzip:   1.47 kB
dist/assets/getting-started-CuqLaZbU.js               4.68 kB │ gzip:   1.73 kB
dist/assets/tree-list-iu55nbks.js                     4.95 kB │ gzip:   1.93 kB
dist/assets/secrets-DqnRtQBd.js                       5.03 kB │ gzip:   1.92 kB
dist/assets/types-DWsAHSF3.js                         5.17 kB │ gzip:   1.52 kB
dist/assets/settings-CmnHBBcO.js                      5.21 kB │ gzip:   1.93 kB
dist/assets/test-run-dialog-DPgZseuC.js               5.38 kB │ gzip:   2.26 kB
dist/assets/security-events-B3mxCIm-.js               6.10 kB │ gzip:   1.98 kB
dist/assets/capability-selector-BkwKqeAt.js           6.55 kB │ gzip:   2.16 kB
dist/assets/run-list-gOEkMehi.js                      6.61 kB │ gzip:   2.63 kB
dist/assets/agent-form-ad9ZD6pW.js                    7.33 kB │ gzip:   2.36 kB
dist/assets/tree-live-CxNvK67d.js                     8.13 kB │ gzip:   2.86 kB
dist/assets/getting-started-DrHyAj9u.js               8.13 kB │ gzip:   2.55 kB
dist/assets/api-examples-CkSGV2sW.js                  8.18 kB │ gzip:   3.12 kB
dist/assets/users-BkN2LkDn.js                         8.24 kB │ gzip:   2.59 kB
dist/assets/run-live-ChQpSDNx.js                      9.14 kB │ gzip:   3.74 kB
dist/assets/account-page-CrGBuAXY.js                 10.26 kB │ gzip:   3.27 kB
dist/assets/templates-Bpi1IcFg.js                    11.81 kB │ gzip:   3.29 kB
dist/assets/dashboard-C4MC2IVw.js                    16.06 kB │ gzip:   4.21 kB
dist/assets/tree-playground-CyW2wSce.js              17.17 kB │ gzip:   5.81 kB
dist/assets/providers-DSS8l52d.js                    20.82 kB │ gzip:   6.36 kB
dist/assets/tree-wizard-BAwyBRya.js                  25.62 kB │ gzip:   7.30 kB
dist/assets/template-setup-f-6M2tz3.js               29.24 kB │ gzip:   7.38 kB
dist/assets/tree-detail-CUYmLtDG.js                  29.93 kB │ gzip:   8.66 kB
dist/assets/tree-builder-BThFp298.js                 31.46 kB │ gzip:   8.99 kB
dist/assets/run-detail-B3eCJ07h.js                   33.23 kB │ gzip:   9.00 kB
dist/assets/tools-CZ2LY8_T.js                        43.28 kB │ gzip:  11.54 kB
dist/assets/canvas-BEy8GN2P.js                      196.96 kB │ gzip:  64.45 kB
dist/assets/index-BIsbExjn.js                       790.42 kB │ gzip: 231.31 kB

(!) Some chunks are larger than 500 kB after minification. Consider:
- Using dynamic import() to code-split the application
- Use build.rollupOptions.output.manualChunks to improve chunking: https://rollupjs.org/configuration-options/#output-manualchunks
- Adjust chunk size limit for this warning via build.chunkSizeWarningLimit.
✓ built in 4.70s
