
> agenttree-studio-frontend@0.1.0 build
> tsc -b && vite build

vite v7.3.6 building client environment for production...
transforming...
✓ 2027 modules transformed.
rendering chunks...
computing gzip size...
dist/index.html                                       0.63 kB │ gzip:   0.37 kB
dist/assets/tree-playground-PcsDhc1M.css              2.84 kB │ gzip:   0.89 kB
dist/assets/canvas-BZpEo9YG.css                      27.87 kB │ gzip:   5.08 kB
dist/assets/index-BTZaiF8r.css                       66.64 kB │ gzip:  11.87 kB
dist/assets/check-97xsWQXT.js                         0.13 kB │ gzip:   0.14 kB
dist/assets/loader-circle-Bnyge8pP.js                 0.15 kB │ gzip:   0.16 kB
dist/assets/plus-CJCoVYaD.js                          0.15 kB │ gzip:   0.15 kB
dist/assets/arrow-up-right-C5mlFJ5e.js                0.16 kB │ gzip:   0.16 kB
dist/assets/arrow-right-BuQlxjMS.js                   0.17 kB │ gzip:   0.16 kB
dist/assets/skeleton-xUNZi3xk.js                      0.17 kB │ gzip:   0.16 kB
dist/assets/search-aSoYfd1u.js                        0.18 kB │ gzip:   0.17 kB
dist/assets/play-T85yP2Vu.js                          0.19 kB │ gzip:   0.18 kB
dist/assets/database-D_76g3sT.js                      0.24 kB │ gzip:   0.20 kB
dist/assets/circle-alert-B4AhfIif.js                  0.25 kB │ gzip:   0.19 kB
dist/assets/eye-CTwfuwes.js                           0.26 kB │ gzip:   0.20 kB
dist/assets/plug-DTMyAK06.js                          0.26 kB │ gzip:   0.20 kB
dist/assets/pencil-Beee2V2U.js                        0.28 kB │ gzip:   0.23 kB
dist/assets/refresh-cw-CXfOq1XD.js                    0.32 kB │ gzip:   0.23 kB
dist/assets/bot-jMduZkLm.js                           0.32 kB │ gzip:   0.23 kB
dist/assets/clock-3-sSKjiSSf.js                       0.32 kB │ gzip:   0.22 kB
dist/assets/save-BaVKHTPd.js                          0.33 kB │ gzip:   0.23 kB
dist/assets/trash-2-izOHu_Ed.js                       0.33 kB │ gzip:   0.22 kB
dist/assets/getting-started-fDZ6xr6C.js               0.50 kB │ gzip:   0.33 kB
dist/assets/textarea-BlPiCicB.js                      0.57 kB │ gzip:   0.36 kB
dist/assets/page-header-xzIXLnTl.js                   0.57 kB │ gzip:   0.35 kB
dist/assets/input-BVJiYwKE.js                         0.58 kB │ gzip:   0.36 kB
dist/assets/empty-state-aNDaCKOG.js                   0.61 kB │ gzip:   0.34 kB
dist/assets/onboarding-CpxIjoxD.js                    0.64 kB │ gzip:   0.36 kB
dist/assets/card-ggI0Mx7D.js                          0.69 kB │ gzip:   0.31 kB
dist/assets/badge-CYkGIhKK.js                         0.70 kB │ gzip:   0.39 kB
dist/assets/run-status-badge-HteQaLT1.js              0.72 kB │ gzip:   0.42 kB
dist/assets/tool-status-badge-D3S1pAr1.js             0.81 kB │ gzip:   0.48 kB
dist/assets/table-DFxLc7kz.js                         0.82 kB │ gzip:   0.36 kB
dist/assets/notice-BgbbKkmi.js                        0.94 kB │ gzip:   0.54 kB
dist/assets/trace-list-D0ThJ5ub.js                    1.94 kB │ gzip:   0.97 kB
dist/assets/create-tree-BBoU47Pt.js                   2.57 kB │ gzip:   0.98 kB
dist/assets/learning-BtTRwp6Q.js                      3.00 kB │ gzip:   1.24 kB
dist/assets/run-list-Bvfre_dR.js                      3.08 kB │ gzip:   1.39 kB
dist/assets/resource-dependency-dialog-BDMFaemw.js    3.91 kB │ gzip:   1.40 kB
dist/assets/auth-pages-D3Us_juL.js                    4.48 kB │ gzip:   1.47 kB
dist/assets/secrets-BIXUC9tM.js                       4.48 kB │ gzip:   1.77 kB
dist/assets/tree-list-CTEyF8Pj.js                     4.75 kB │ gzip:   1.81 kB
dist/assets/settings-IE6qeEL3.js                      5.04 kB │ gzip:   1.87 kB
dist/assets/types-DWsAHSF3.js                         5.17 kB │ gzip:   1.52 kB
dist/assets/run-live-CQCdzjfs.js                      5.18 kB │ gzip:   2.40 kB
dist/assets/test-run-dialog-BPpXwD4t.js               5.46 kB │ gzip:   2.22 kB
dist/assets/security-events-eWHHCBly.js               6.10 kB │ gzip:   1.98 kB
dist/assets/agent-form-56DoVARO.js                    6.24 kB │ gzip:   2.02 kB
dist/assets/capability-selector-BEUI-_WY.js           6.55 kB │ gzip:   2.15 kB
dist/assets/users-C1hU6TK0.js                         8.02 kB │ gzip:   2.50 kB
dist/assets/getting-started-BejgRHhr.js               8.08 kB │ gzip:   2.51 kB
dist/assets/tree-live-MnLq8Z8I.js                     8.11 kB │ gzip:   2.85 kB
dist/assets/account-page-BlRnt-1s.js                  9.62 kB │ gzip:   3.11 kB
dist/assets/templates-CKhQCRPs.js                    10.17 kB │ gzip:   2.79 kB
dist/assets/dashboard-DjY97Ew3.js                    14.58 kB │ gzip:   3.75 kB
dist/assets/providers-FQZpASYR.js                    16.07 kB │ gzip:   5.23 kB
dist/assets/tree-playground-CwELBNZx.js              18.16 kB │ gzip:   6.06 kB
dist/assets/run-detail-Bt0OYLjY.js                   23.13 kB │ gzip:   6.77 kB
dist/assets/tree-wizard-LGRKGPDO.js                  25.58 kB │ gzip:   7.29 kB
dist/assets/template-setup-M6URiD9Z.js               28.88 kB │ gzip:   7.30 kB
dist/assets/tree-builder-B3W8j6At.js                 30.32 kB │ gzip:   8.68 kB
dist/assets/tree-detail-Bj50RUCO.js                  32.44 kB │ gzip:   9.37 kB
dist/assets/tools-5GhOHs3J.js                        41.61 kB │ gzip:  11.10 kB
dist/assets/canvas-Dft8py2C.js                      196.60 kB │ gzip:  64.35 kB
dist/assets/index-DxIdEZJC.js                       677.87 kB │ gzip: 204.18 kB

(!) Some chunks are larger than 500 kB after minification. Consider:
- Using dynamic import() to code-split the application
- Use build.rollupOptions.output.manualChunks to improve chunking: https://rollupjs.org/configuration-options/#output-manualchunks
- Adjust chunk size limit for this warning via build.chunkSizeWarningLimit.
✓ built in 2.50s
