
> agenttree-studio-frontend@0.1.0 build
> tsc -b && vite build

vite v7.3.6 building client environment for production...
transforming...
✓ 2035 modules transformed.
rendering chunks...
computing gzip size...
dist/index.html                                       0.63 kB │ gzip:   0.37 kB
dist/assets/tree-playground-CupSX41n.css              3.36 kB │ gzip:   1.04 kB
dist/assets/canvas-utf7DbsQ.css                      28.40 kB │ gzip:   5.11 kB
dist/assets/index-M58nm0ix.css                       77.97 kB │ gzip:  14.15 kB
dist/assets/check-CwOTNftE.js                         0.13 kB │ gzip:   0.14 kB
dist/assets/loader-circle-__PalFnF.js                 0.15 kB │ gzip:   0.16 kB
dist/assets/plus-BHcIkQqh.js                          0.15 kB │ gzip:   0.15 kB
dist/assets/arrow-right-D5QQv5St.js                   0.17 kB │ gzip:   0.16 kB
dist/assets/arrow-up-right-Mha5NeHA.js                0.17 kB │ gzip:   0.16 kB
dist/assets/skeleton-BIvCagB3.js                      0.17 kB │ gzip:   0.16 kB
dist/assets/search-CFMZxvJd.js                        0.18 kB │ gzip:   0.17 kB
dist/assets/play-BSfNEwi_.js                          0.19 kB │ gzip:   0.18 kB
dist/assets/activity-BC1muXxq.js                      0.24 kB │ gzip:   0.20 kB
dist/assets/database-DU77YVuP.js                      0.24 kB │ gzip:   0.20 kB
dist/assets/eye-Dj2hikrg.js                           0.26 kB │ gzip:   0.20 kB
dist/assets/plug-Gs3hiXgb.js                          0.26 kB │ gzip:   0.19 kB
dist/assets/pencil-BZfDvtDw.js                        0.28 kB │ gzip:   0.23 kB
dist/assets/refresh-cw-a6FeWUMr.js                    0.32 kB │ gzip:   0.23 kB
dist/assets/save-C-PAwXzP.js                          0.33 kB │ gzip:   0.23 kB
dist/assets/trash-2-BnlPpCaP.js                       0.33 kB │ gzip:   0.22 kB
dist/assets/clock-3-RPEivoro.js                       0.33 kB │ gzip:   0.22 kB
dist/assets/circle-check-DjLBXVO0.js                  0.38 kB │ gzip:   0.24 kB
dist/assets/panels-top-left-CDSnkbNZ.js               0.46 kB │ gzip:   0.28 kB
dist/assets/page-header-Byx0DEVb.js                   0.56 kB │ gzip:   0.34 kB
dist/assets/textarea-BYGx6Lzt.js                      0.57 kB │ gzip:   0.36 kB
dist/assets/input-8zRtJmMd.js                         0.58 kB │ gzip:   0.35 kB
dist/assets/empty-state-t2UXZOSP.js                   0.61 kB │ gzip:   0.34 kB
dist/assets/onboarding-CpxIjoxD.js                    0.64 kB │ gzip:   0.36 kB
dist/assets/card-B23q7SLU.js                          0.69 kB │ gzip:   0.31 kB
dist/assets/badge-u36SwazD.js                         0.70 kB │ gzip:   0.38 kB
dist/assets/notice-BJsQEB5H.js                        0.81 kB │ gzip:   0.46 kB
dist/assets/tool-status-badge-P0EAhxXv.js             0.82 kB │ gzip:   0.49 kB
dist/assets/table-DzCWG3OY.js                         0.83 kB │ gzip:   0.36 kB
dist/assets/delete-tree-dialog-DOtm3Ohc.js            0.91 kB │ gzip:   0.50 kB
dist/assets/create-tree-CQhrwXGJ.js                   2.22 kB │ gzip:   0.81 kB
dist/assets/create-tree-menu-CF3RsfY_.js              2.25 kB │ gzip:   1.18 kB
dist/assets/provider-models-BYEM47BF.js               2.50 kB │ gzip:   0.88 kB
dist/assets/run-status-badge-BczhiOL0.js              2.68 kB │ gzip:   1.19 kB
dist/assets/learning-CEdJEvtu.js                      3.04 kB │ gzip:   1.26 kB
dist/assets/resource-dependency-dialog-BvxBsYuw.js    3.91 kB │ gzip:   1.39 kB
dist/assets/auth-pages-z2IMZYSk.js                    4.48 kB │ gzip:   1.47 kB
dist/assets/getting-started-BZm3zBwF.js               4.68 kB │ gzip:   1.74 kB
dist/assets/tree-list-CUse6Ptv.js                     4.95 kB │ gzip:   1.93 kB
dist/assets/secrets-CH8VqMsx.js                       5.03 kB │ gzip:   1.92 kB
dist/assets/types-DWsAHSF3.js                         5.17 kB │ gzip:   1.52 kB
dist/assets/settings-BbTT6jyv.js                      5.21 kB │ gzip:   1.94 kB
dist/assets/test-run-dialog-CNS1H_d8.js               5.38 kB │ gzip:   2.25 kB
dist/assets/security-events-Pt1iqWdB.js               6.10 kB │ gzip:   1.98 kB
dist/assets/capability-selector-XpskZNh9.js           6.55 kB │ gzip:   2.16 kB
dist/assets/run-list-nvt9PDIU.js                      6.61 kB │ gzip:   2.63 kB
dist/assets/agent-form-WOgLLUoL.js                    7.33 kB │ gzip:   2.36 kB
dist/assets/tree-live-ZRltddck.js                     8.13 kB │ gzip:   2.86 kB
dist/assets/getting-started-DmxMykuN.js               8.13 kB │ gzip:   2.55 kB
dist/assets/api-examples-JuhNdZI6.js                  8.18 kB │ gzip:   3.13 kB
dist/assets/users-CQsJVYKB.js                         8.24 kB │ gzip:   2.59 kB
dist/assets/run-live-CaRDL71Z.js                      9.66 kB │ gzip:   3.93 kB
dist/assets/account-page-CE-MCGVV.js                 10.26 kB │ gzip:   3.28 kB
dist/assets/templates-BeL31bL4.js                    11.81 kB │ gzip:   3.29 kB
dist/assets/dashboard-tAV9VxfI.js                    16.06 kB │ gzip:   4.21 kB
dist/assets/tree-playground-BE0G56rz.js              17.36 kB │ gzip:   5.87 kB
dist/assets/providers-D3-HXkCI.js                    21.40 kB │ gzip:   6.48 kB
dist/assets/tree-wizard-CAt5ehrH.js                  25.62 kB │ gzip:   7.30 kB
dist/assets/template-setup-B2D4Au1w.js               29.24 kB │ gzip:   7.38 kB
dist/assets/tree-detail-DKdEXEmf.js                  29.93 kB │ gzip:   8.66 kB
dist/assets/tree-builder-VY7JR9-h.js                 31.46 kB │ gzip:   8.99 kB
dist/assets/run-detail-B8Sfu2v0.js                   34.08 kB │ gzip:   9.21 kB
dist/assets/tools-IGoT6eHQ.js                        43.28 kB │ gzip:  11.55 kB
dist/assets/canvas-PFD0FLBf.js                      196.96 kB │ gzip:  64.45 kB
dist/assets/index-BjPGpDDi.js                       797.41 kB │ gzip: 232.36 kB

(!) Some chunks are larger than 500 kB after minification. Consider:
- Using dynamic import() to code-split the application
- Use build.rollupOptions.output.manualChunks to improve chunking: https://rollupjs.org/configuration-options/#output-manualchunks
- Adjust chunk size limit for this warning via build.chunkSizeWarningLimit.
✓ built in 3.12s
