
> agenttree-studio-frontend@0.1.0 build
> tsc -b && vite build

vite v7.3.6 building client environment for production...
transforming...
✓ 2035 modules transformed.
rendering chunks...
computing gzip size...
dist/index.html                                       0.63 kB │ gzip:   0.37 kB
dist/assets/tree-playground-CupSX41n.css              3.36 kB │ gzip:   1.04 kB
dist/assets/canvas-utf7DbsQ.css                      28.40 kB │ gzip:   5.11 kB
dist/assets/index-M58nm0ix.css                       77.97 kB │ gzip:  14.15 kB
dist/assets/check-5j827ZTS.js                         0.13 kB │ gzip:   0.14 kB
dist/assets/loader-circle-Bv7IfdiM.js                 0.15 kB │ gzip:   0.15 kB
dist/assets/plus-B6NjtzT_.js                          0.15 kB │ gzip:   0.15 kB
dist/assets/arrow-right-TB_ssMrZ.js                   0.17 kB │ gzip:   0.16 kB
dist/assets/arrow-up-right-DIzDcjvf.js                0.17 kB │ gzip:   0.16 kB
dist/assets/skeleton-C7lOf1OF.js                      0.17 kB │ gzip:   0.16 kB
dist/assets/search-DDiNe14b.js                        0.18 kB │ gzip:   0.17 kB
dist/assets/play-wRdYZzXs.js                          0.19 kB │ gzip:   0.18 kB
dist/assets/activity-DXJfhTVs.js                      0.24 kB │ gzip:   0.20 kB
dist/assets/database-C0LRpbbP.js                      0.24 kB │ gzip:   0.20 kB
dist/assets/eye-C8HH4Rue.js                           0.26 kB │ gzip:   0.20 kB
dist/assets/plug-DPD2pdWk.js                          0.26 kB │ gzip:   0.19 kB
dist/assets/pencil-DE-SFm76.js                        0.28 kB │ gzip:   0.23 kB
dist/assets/refresh-cw-DcXbsuNE.js                    0.32 kB │ gzip:   0.23 kB
dist/assets/save-BdztR3zp.js                          0.33 kB │ gzip:   0.23 kB
dist/assets/trash-2-CKErR8MF.js                       0.33 kB │ gzip:   0.22 kB
dist/assets/clock-3-DrKfI-Hz.js                       0.33 kB │ gzip:   0.22 kB
dist/assets/circle-check-DwSnMuOe.js                  0.38 kB │ gzip:   0.24 kB
dist/assets/panels-top-left-j-AN2HFZ.js               0.46 kB │ gzip:   0.28 kB
dist/assets/page-header-D3giV-ZH.js                   0.56 kB │ gzip:   0.34 kB
dist/assets/textarea-C9gmd6Xb.js                      0.57 kB │ gzip:   0.36 kB
dist/assets/input-CAm3K6y1.js                         0.58 kB │ gzip:   0.36 kB
dist/assets/empty-state-CyvT7QpB.js                   0.61 kB │ gzip:   0.34 kB
dist/assets/onboarding-CpxIjoxD.js                    0.64 kB │ gzip:   0.36 kB
dist/assets/card-Cm9KPsq7.js                          0.69 kB │ gzip:   0.31 kB
dist/assets/badge-BuMP55C4.js                         0.70 kB │ gzip:   0.38 kB
dist/assets/notice-uATWa0l1.js                        0.81 kB │ gzip:   0.46 kB
dist/assets/tool-status-badge-5ifpYASt.js             0.82 kB │ gzip:   0.49 kB
dist/assets/table-D7YvmnB9.js                         0.83 kB │ gzip:   0.36 kB
dist/assets/delete-tree-dialog-D4Oa8t_w.js            0.91 kB │ gzip:   0.51 kB
dist/assets/provider-models-qf-cvZiS.js               2.19 kB │ gzip:   0.74 kB
dist/assets/create-tree-Mmb-1a1-.js                   2.22 kB │ gzip:   0.81 kB
dist/assets/create-tree-menu-DecvqpkS.js              2.25 kB │ gzip:   1.18 kB
dist/assets/run-status-badge-wUjyeXfq.js              2.68 kB │ gzip:   1.19 kB
dist/assets/learning-D3fixUqB.js                      3.04 kB │ gzip:   1.26 kB
dist/assets/resource-dependency-dialog-Bce1JyHH.js    3.91 kB │ gzip:   1.40 kB
dist/assets/auth-pages-DWXUkwp7.js                    4.48 kB │ gzip:   1.47 kB
dist/assets/getting-started-COk0lhUD.js               4.68 kB │ gzip:   1.74 kB
dist/assets/tree-list-cpyR84GM.js                     4.95 kB │ gzip:   1.93 kB
dist/assets/secrets-BFAR2KQ2.js                       5.03 kB │ gzip:   1.92 kB
dist/assets/types-DWsAHSF3.js                         5.17 kB │ gzip:   1.52 kB
dist/assets/settings-DBIyCsSS.js                      5.21 kB │ gzip:   1.94 kB
dist/assets/test-run-dialog-B7gQGmpu.js               5.38 kB │ gzip:   2.26 kB
dist/assets/security-events-DRauw52T.js               6.10 kB │ gzip:   1.98 kB
dist/assets/capability-selector-O068wIh2.js           6.55 kB │ gzip:   2.16 kB
dist/assets/run-list-DZVa8KVJ.js                      6.61 kB │ gzip:   2.63 kB
dist/assets/agent-form-9nPz3pxQ.js                    7.20 kB │ gzip:   2.32 kB
dist/assets/tree-live-B669FY33.js                     8.13 kB │ gzip:   2.86 kB
dist/assets/getting-started-DIQ_cZms.js               8.13 kB │ gzip:   2.56 kB
dist/assets/api-examples-D2Dj2LX7.js                  8.18 kB │ gzip:   3.13 kB
dist/assets/users-BHYmIB-A.js                         8.24 kB │ gzip:   2.59 kB
dist/assets/run-live-CScVha9n.js                      9.14 kB │ gzip:   3.75 kB
dist/assets/account-page-ZOlCNQSZ.js                 10.26 kB │ gzip:   3.28 kB
dist/assets/templates-M4U0grX5.js                    11.81 kB │ gzip:   3.29 kB
dist/assets/tree-playground-zV9wbJqt.js              15.81 kB │ gzip:   5.37 kB
dist/assets/dashboard-tqHtZ0cV.js                    16.06 kB │ gzip:   4.21 kB
dist/assets/providers-Bj66LHEA.js                    20.24 kB │ gzip:   6.23 kB
dist/assets/tree-wizard-BLZvT3wd.js                  25.62 kB │ gzip:   7.30 kB
dist/assets/template-setup-cKZNTbeX.js               29.24 kB │ gzip:   7.38 kB
dist/assets/tree-detail-Cexi6jWs.js                  29.93 kB │ gzip:   8.66 kB
dist/assets/tree-builder-BuAqjb6J.js                 31.33 kB │ gzip:   8.98 kB
dist/assets/run-detail-BGsV1XuW.js                   33.23 kB │ gzip:   9.01 kB
dist/assets/tools-BBoxEltn.js                        43.28 kB │ gzip:  11.54 kB
dist/assets/canvas-CXZankf_.js                      196.96 kB │ gzip:  64.45 kB
dist/assets/index-H1V3U99Z.js                       788.17 kB │ gzip: 230.70 kB

(!) Some chunks are larger than 500 kB after minification. Consider:
- Using dynamic import() to code-split the application
- Use build.rollupOptions.output.manualChunks to improve chunking: https://rollupjs.org/configuration-options/#output-manualchunks
- Adjust chunk size limit for this warning via build.chunkSizeWarningLimit.
✓ built in 2.44s
